Component: ARM Compiler 5.05 update 2 (build 169) Tool: armlink [4d0f33]

==============================================================================

Section Cross References

    main.o(i.main) refers to delay.o(i.delay_init) for delay_init
    main.o(i.main) refers to misc.o(i.NVIC_PriorityGroupConfig) for NVIC_PriorityGroupConfig
    main.o(i.main) refers to usart.o(i.uart_init) for uart_init
    main.o(i.main) refers to io.o(i.GPIO_Drive_Init) for GPIO_Drive_Init
    main.o(i.main) refers to io.o(i.SR04_GPIO_Init) for SR04_GPIO_Init
    main.o(i.main) refers to io.o(i.TIM4_PWM_Init) for TIM4_PWM_Init
    main.o(i.main) refers to io.o(i.GPIO_IFTracing_Init) for GPIO_IFTracing_Init
    main.o(i.main) refers to io.o(i.Encoder_Init_TIM3) for Encoder_Init_TIM3
    main.o(i.main) refers to io.o(i.TIM1_STEngine_init) for TIM1_STEngine_init
    main.o(i.main) refers to io.o(i.TIM2_Cap_init) for TIM2_Cap_init
    main.o(i.main) refers to stm32f10x_tim.o(i.TIM_SetCompare1) for TIM_SetCompare1
    main.o(i.main) refers to oled_i2c.o(i.I2C_Configuration) for I2C_Configuration
    main.o(i.main) refers to oled_i2c.o(i.OLED_Init) for OLED_Init
    main.o(i.main) refers to oled_i2c.o(i.OLED_CLS) for OLED_CLS
    main.o(i.main) refers to io.o(i.astronaut) for astronaut
    main.o(i.main) refers to io.o(i.kunkunstart) for kunkunstart
    system_stm32f10x.o(i.SetSysClock) refers to system_stm32f10x.o(i.SetSysClockTo72) for SetSysClockTo72
    system_stm32f10x.o(i.SystemCoreClockUpdate) refers to system_stm32f10x.o(.data) for SystemCoreClock
    system_stm32f10x.o(i.SystemInit) refers to system_stm32f10x.o(i.SetSysClock) for SetSysClock
    delay.o(i.delay_init) refers to misc.o(i.SysTick_CLKSourceConfig) for SysTick_CLKSourceConfig
    delay.o(i.delay_init) refers to system_stm32f10x.o(.data) for SystemCoreClock
    delay.o(i.delay_init) refers to delay.o(.data) for fac_us
    delay.o(i.delay_ms) refers to delay.o(.data) for fac_ms
    delay.o(i.delay_us) refers to delay.o(.data) for fac_us
    usart.o(i.USART1_IRQHandler) refers (Special) to use_no_semi_2.o(.text) for __use_no_semihosting
    usart.o(i.USART1_IRQHandler) refers to stm32f10x_usart.o(i.USART_GetITStatus) for USART_GetITStatus
    usart.o(i.USART1_IRQHandler) refers to stm32f10x_usart.o(i.USART_ReceiveData) for USART_ReceiveData
    usart.o(i.USART1_IRQHandler) refers to delay.o(i.delay_init) for delay_init
    usart.o(i.USART1_IRQHandler) refers to io.o(i.CAR_Speed) for CAR_Speed
    usart.o(i.USART1_IRQHandler) refers to io.o(i.car_go) for car_go
    usart.o(i.USART1_IRQHandler) refers to io.o(i.car_back) for car_back
    usart.o(i.USART1_IRQHandler) refers to delay.o(i.delay_ms) for delay_ms
    usart.o(i.USART1_IRQHandler) refers to oled_i2c.o(i.OLED_CLS) for OLED_CLS
    usart.o(i.USART1_IRQHandler) refers to io.o(i.CAR_Tracing) for CAR_Tracing
    usart.o(i.USART1_IRQHandler) refers to io.o(i.car_stop) for car_stop
    usart.o(i.USART1_IRQHandler) refers to stm32f10x_tim.o(i.TIM_SetCompare1) for TIM_SetCompare1
    usart.o(i.USART1_IRQHandler) refers to io.o(i.SR04_start) for SR04_start
    usart.o(i.USART1_IRQHandler) refers to io.o(i.Read_distance) for Read_distance
    usart.o(i.USART1_IRQHandler) refers to io.o(i.car_left) for car_left
    usart.o(i.USART1_IRQHandler) refers to io.o(i.car_right) for car_right
    usart.o(i.USART1_IRQHandler) refers to noretval__2printf.o(.text) for __2printf
    usart.o(i.USART1_IRQHandler) refers to io.o(i.astronaut) for astronaut
    usart.o(i.USART1_IRQHandler) refers to usart.o(.data) for speed
    usart.o(i._sys_exit) refers (Special) to use_no_semi_2.o(.text) for __use_no_semihosting
    usart.o(i.fputc) refers (Special) to use_no_semi_2.o(.text) for __use_no_semihosting
    usart.o(i.uart_init) refers (Special) to use_no_semi_2.o(.text) for __use_no_semihosting
    usart.o(i.uart_init) refers to stm32f10x_rcc.o(i.RCC_APB2PeriphClockCmd) for RCC_APB2PeriphClockCmd
    usart.o(i.uart_init) refers to stm32f10x_gpio.o(i.GPIO_Init) for GPIO_Init
    usart.o(i.uart_init) refers to misc.o(i.NVIC_Init) for NVIC_Init
    usart.o(i.uart_init) refers to stm32f10x_usart.o(i.USART_Init) for USART_Init
    usart.o(i.uart_init) refers to stm32f10x_usart.o(i.USART_ITConfig) for USART_ITConfig
    usart.o(i.uart_init) refers to stm32f10x_usart.o(i.USART_Cmd) for USART_Cmd
    usart.o(.bss) refers (Special) to use_no_semi_2.o(.text) for __use_no_semihosting
    usart.o(.data) refers (Special) to use_no_semi_2.o(.text) for __use_no_semihosting
    startup_stm32f10x_hd.o(STACK) refers (Special) to heapauxi.o(.text) for __use_two_region_memory
    startup_stm32f10x_hd.o(HEAP) refers (Special) to heapauxi.o(.text) for __use_two_region_memory
    startup_stm32f10x_hd.o(RESET) refers (Special) to heapauxi.o(.text) for __use_two_region_memory
    startup_stm32f10x_hd.o(RESET) refers to startup_stm32f10x_hd.o(STACK) for __initial_sp
    startup_stm32f10x_hd.o(RESET) refers to startup_stm32f10x_hd.o(.text) for Reset_Handler
[...]
    Removing stm32f10x_spi.o(i.SPI_CalculateCRC), (24 bytes).
    Removing stm32f10x_spi.o(i.SPI_Cmd), (24 bytes).
    Removing stm32f10x_spi.o(i.SPI_DataSizeConfig), (18 bytes).
    Removing stm32f10x_spi.o(i.SPI_GetCRC), (16 bytes).
    Removing stm32f10x_spi.o(i.SPI_GetCRCPolynomial), (6 bytes).
    Removing stm32f10x_spi.o(i.SPI_I2S_ClearFlag), (6 bytes).
    Removing stm32f10x_spi.o(i.SPI_I2S_ClearITPendingBit), (20 bytes).
    Removing stm32f10x_spi.o(i.SPI_I2S_DMACmd), (18 bytes).
    Removing stm32f10x_spi.o(i.SPI_I2S_DeInit), (88 bytes).
    Removing stm32f10x_spi.o(i.SPI_I2S_GetFlagStatus), (18 bytes).
    Removing stm32f10x_spi.o(i.SPI_I2S_GetITStatus), (52 bytes).
    Removing stm32f10x_spi.o(i.SPI_I2S_ITConfig), (32 bytes).
    Removing stm32f10x_spi.o(i.SPI_I2S_ReceiveData), (6 bytes).
    Removing stm32f10x_spi.o(i.SPI_I2S_SendData), (4 bytes).
    Removing stm32f10x_spi.o(i.SPI_Init), (60 bytes).
    Removing stm32f10x_spi.o(i.SPI_NSSInternalSoftwareConfig), (30 bytes).
    Removing stm32f10x_spi.o(i.SPI_SSOutputCmd), (24 bytes).
    Removing stm32f10x_spi.o(i.SPI_StructInit), (24 bytes).
    Removing stm32f10x_spi.o(i.SPI_TransmitCRC), (10 bytes).
    Removing stm32f10x_tim.o(i.TIM_BDTRConfig), (32 bytes).
    Removing stm32f10x_tim.o(i.TIM_BDTRStructInit), (18 bytes).
    Removing stm32f10x_tim.o(i.TIM_CCPreloadControl), (24 bytes).
    Removing stm32f10x_tim.o(i.TIM_CCxCmd), (30 bytes).
    Removing stm32f10x_tim.o(i.TIM_CCxNCmd), (30 bytes).
    Removing stm32f10x_tim.o(i.TIM_ClearFlag), (6 bytes).
    Removing stm32f10x_tim.o(i.TIM_ClearOC1Ref), (18 bytes).
    Removing stm32f10x_tim.o(i.TIM_ClearOC2Ref), (24 bytes).
    Removing stm32f10x_tim.o(i.TIM_ClearOC3Ref), (18 bytes).
    Removing stm32f10x_tim.o(i.TIM_ClearOC4Ref), (24 bytes).
    Removing stm32f10x_tim.o(i.TIM_CounterModeConfig), (18 bytes).
    Removing stm32f10x_tim.o(i.TIM_DMACmd), (18 bytes).
    Removing stm32f10x_tim.o(i.TIM_DMAConfig), (10 bytes).
    Removing stm32f10x_tim.o(i.TIM_DeInit), (488 bytes).
    Removing stm32f10x_tim.o(i.TIM_ETRClockMode1Config), (54 bytes).
    Removing stm32f10x_tim.o(i.TIM_ETRClockMode2Config), (32 bytes).
    Removing stm32f10x_tim.o(i.TIM_ETRConfig), (28 bytes).
    Removing stm32f10x_tim.o(i.TIM_ForcedOC1Config), (18 bytes).
    Removing stm32f10x_tim.o(i.TIM_ForcedOC2Config), (26 bytes).
    Removing stm32f10x_tim.o(i.TIM_ForcedOC3Config), (18 bytes).
    Removing stm32f10x_tim.o(i.TIM_ForcedOC4Config), (26 bytes).
    Removing stm32f10x_tim.o(i.TIM_GenerateEvent), (4 bytes).
    Removing stm32f10x_tim.o(i.TIM_GetCapture1), (6 bytes).
    Removing stm32f10x_tim.o(i.TIM_GetCapture3), (6 bytes).
    Removing stm32f10x_tim.o(i.TIM_GetCapture4), (8 bytes).
    Removing stm32f10x_tim.o(i.TIM_GetCounter), (6 bytes).
    Removing stm32f10x_tim.o(i.TIM_GetFlagStatus), (18 bytes).
    Removing stm32f10x_tim.o(i.TIM_GetPrescaler), (6 bytes).
    Removing stm32f10x_tim.o(i.TIM_ITRxExternalClockConfig), (24 bytes).
    Removing stm32f10x_tim.o(i.TIM_InternalClockConfig), (12 bytes).
    Removing stm32f10x_tim.o(i.TIM_OC1FastConfig), (18 bytes).
    Removing stm32f10x_tim.o(i.TIM_OC1NPolarityConfig), (18 bytes).
    Removing stm32f10x_tim.o(i.TIM_OC1PolarityConfig), (18 bytes).
    Removing stm32f10x_tim.o(i.TIM_OC2FastConfig), (26 bytes).
    Removing stm32f10x_tim.o(i.TIM_OC2NPolarityConfig), (26 bytes).
    Removing stm32f10x_tim.o(i.TIM_OC3FastConfig), (18 bytes).
    Removing stm32f10x_tim.o(i.TIM_OC3Init), (160 bytes).
    Removing stm32f10x_tim.o(i.TIM_OC3NPolarityConfig), (26 bytes).
    Removing stm32f10x_tim.o(i.TIM_OC3PolarityConfig), (26 bytes).
    Removing stm32f10x_tim.o(i.TIM_OC3PreloadConfig), (18 bytes).
    Removing stm32f10x_tim.o(i.TIM_OC4FastConfig), (26 bytes).
    Removing stm32f10x_tim.o(i.TIM_OC4Init), (124 bytes).
    Removing stm32f10x_tim.o(i.TIM_OC4PolarityConfig), (26 bytes).
    Removing stm32f10x_tim.o(i.TIM_OC4PreloadConfig), (26 bytes).
    Removing stm32f10x_tim.o(i.TIM_OCStructInit), (20 bytes).
    Removing stm32f10x_tim.o(i.TIM_PWMIConfig), (124 bytes).
    Removing stm32f10x_tim.o(i.TIM_PrescalerConfig), (6 bytes).
    Removing stm32f10x_tim.o(i.TIM_SelectCCDMA), (24 bytes).
    Removing stm32f10x_tim.o(i.TIM_SelectCOM), (24 bytes).
    Removing stm32f10x_tim.o(i.TIM_SelectHallSensor), (24 bytes).
    Removing stm32f10x_tim.o(i.TIM_SelectInputTrigger), (18 bytes).
    Removing stm32f10x_tim.o(i.TIM_SelectMasterSlaveMode), (18 bytes).
    Removing stm32f10x_tim.o(i.TIM_SelectOCxM), (82 bytes).
    Removing stm32f10x_tim.o(i.TIM_SelectOnePulseMode), (18 bytes).
    Removing stm32f10x_tim.o(i.TIM_SelectOutputTrigger), (18 bytes).
    Removing stm32f10x_tim.o(i.TIM_SelectSlaveMode), (18 bytes).
    Removing stm32f10x_tim.o(i.TIM_SetAutoreload), (4 bytes).
    Removing stm32f10x_tim.o(i.TIM_SetClockDivision), (18 bytes).
    Removing stm32f10x_tim.o(i.TIM_SetCompare3), (4 bytes).
    Removing stm32f10x_tim.o(i.TIM_SetCompare4), (6 bytes).
    Removing stm32f10x_tim.o(i.TIM_TIxExternalClockConfig), (62 bytes).
    Removing stm32f10x_tim.o(i.TIM_TimeBaseStructInit), (18 bytes).
    Removing stm32f10x_tim.o(i.TIM_UpdateDisableConfig), (24 bytes).
    Removing stm32f10x_tim.o(i.TIM_UpdateRequestConfig), (24 bytes).
    Removing stm32f10x_usart.o(i.USART_ClearFlag), (18 bytes).
    Removing stm32f10x_usart.o(i.USART_ClearITPendingBit), (30 bytes).
    Removing stm32f10x_usart.o(i.USART_ClockInit), (34 bytes).
    Removing stm32f10x_usart.o(i.USART_ClockStructInit), (12 bytes).
    Removing stm32f10x_usart.o(i.USART_DMACmd), (18 bytes).
    Removing stm32f10x_usart.o(i.USART_DeInit), (156 bytes).
    Removing stm32f10x_usart.o(i.USART_GetFlagStatus), (26 bytes).
    Removing stm32f10x_usart.o(i.USART_HalfDuplexCmd), (24 bytes).
    Removing stm32f10x_usart.o(i.USART_IrDACmd), (24 bytes).
    Removing stm32f10x_usart.o(i.USART_IrDAConfig), (18 bytes).
    Removing stm32f10x_usart.o(i.USART_LINBreakDetectLengthConfig), (18 bytes).
    Removing stm32f10x_usart.o(i.USART_LINCmd), (24 bytes).
    Removing stm32f10x_usart.o(i.USART_OneBitMethodCmd), (24 bytes).
    Removing stm32f10x_usart.o(i.USART_OverSampling8Cmd), (22 bytes).
    Removing stm32f10x_usart.o(i.USART_ReceiverWakeUpCmd), (24 bytes).
    Removing stm32f10x_usart.o(i.USART_SendBreak), (10 bytes).
    Removing stm32f10x_usart.o(i.USART_SendData), (8 bytes).
    Removing stm32f10x_usart.o(i.USART_SetAddress), (18 bytes).
    Removing stm32f10x_usart.o(i.USART_SetGuardTime), (16 bytes).
    Removing stm32f10x_usart.o(i.USART_SetPrescaler), (16 bytes).
    Removing stm32f10x_usart.o(i.USART_SmartCardCmd), (24 bytes).
    Removing stm32f10x_usart.o(i.USART_SmartCardNACKCmd), (24 bytes).
    Removing stm32f10x_usart.o(i.USART_StructInit), (24 bytes).
    Removing stm32f10x_usart.o(i.USART_WakeUpConfig), (18 bytes).
    Removing stm32f10x_wwdg.o(i.WWDG_ClearFlag), (12 bytes).
    Removing stm32f10x_wwdg.o(i.WWDG_DeInit), (22 bytes).
    Removing stm32f10x_wwdg.o(i.WWDG_Enable), (16 bytes).
    Removing stm32f10x_wwdg.o(i.WWDG_EnableIT), (12 bytes).
    Removing stm32f10x_wwdg.o(i.WWDG_GetFlagStatus), (12 bytes).
    Removing stm32f10x_wwdg.o(i.WWDG_SetCounter), (16 bytes).
    Removing stm32f10x_wwdg.o(i.WWDG_SetPrescaler), (24 bytes).
    Removing stm32f10x_wwdg.o(i.WWDG_SetWindowValue), (40 bytes).
    Removing io.o(i.Read_Encoder_TIM3), (28 bytes).
    Removing oled_i2c.o(i.OLED_OFF), (22 bytes).
    Removing oled_i2c.o(i.OLED_ON), (22 bytes).
    Removing oled_i2c.o(i.OLED_ShowCN), (88 bytes).
    Removing oled_i2c.o(i.OLED_ShowStr), (236 bytes).
    Removing oled_i2c.o(.constdata), (2072 bytes).
    Removing oled_i2c.o(.data), (224 bytes).

436 unused section(s) (total 19021 bytes) removed from the image.

==============================================================================

Image Symbol Table

    Local Symbols

    Symbol Name                              Value     Ov Type        Size  Object(Section)

    ../clib/angel/boardlib.s                 0x00000000   Number         0  boardinit1.o ABSOLUTE
    ../clib/angel/boardlib.s                 0x00000000   Number         0  boardshut.o ABSOLUTE
    ../clib/angel/boardlib.s                 0x00000000   Number         0  boardinit3.o ABSOLUTE
    ../clib/angel/boardlib.s                 0x00000000   Number         0  boardinit2.o ABSOLUTE
    ../clib/angel/dczerorl2.s                0x00000000   Number         0  __dczerorl2.o ABSOLUTE
    ../clib/angel/handlers.s                 0x00000000   Number         0  __scatter_zi.o ABSOLUTE
    ../clib/angel/kernel.s                   0x00000000   Number         0  rtexit2.o ABSOLUTE
    ../clib/angel/kernel.s                   0x00000000   Number         0  __rtentry.o ABSOLUTE
    ../clib/angel/kernel.s                   0x00000000   Number         0  __rtentry2.o ABSOLUTE
    ../clib/angel/kernel.s                   0x00000000   Number         0  rtexit.o ABSOLUTE
    ../clib/angel/kernel.s                   0x00000000   Number         0  __rtentry4.o ABSOLUTE
    ../clib/angel/rt.s                       0x00000000   Number         0  rt_raise.o ABSOLUTE
    ../clib/angel/scatter.s                  0x00000000   Number         0  __scatter.o ABSOLUTE
    ../clib/angel/startup.s                  0x00000000   Number         0  __main.o ABSOLUTE
    ../clib/angel/sys.s                      0x00000000   Number         0  libspace.o ABSOLUTE
    ../clib/angel/sys.s                      0x00000000   Number         0  sys_stackheap_outer.o ABSOLUTE
    ../clib/angel/sys.s                      0x00000000   Number         0  indicate_semi.o ABSOLUTE
    ../clib/angel/sys.s                      0x00000000   Number         0  use_no_semi_2.o ABSOLUTE
    ../clib/angel/sys.s                      0x00000000   Number         0  use_no_semi.o ABSOLUTE
    ../clib/angel/sysapp.c                   0x00000000   Number         0  sys_command.o ABSOLUTE
    ../clib/angel/sysapp.c                   0x00000000   Number         0  sys_wrch.o ABSOLUTE
    ../clib/armsys.c                         0x00000000   Number         0  argv_veneer.o ABSOLUTE
    ../clib/armsys.c                         0x00000000   Number         0  argv_veneer.o ABSOLUTE
    ../clib/armsys.c                         0x00000000   Number         0  no_argv.o ABSOLUTE
    ../clib/armsys.c                         0x00000000   Number         0  _get_argv_nomalloc.o ABSOLUTE
    ../clib/heapalloc.c                      0x00000000   Number         0  hrguard.o ABSOLUTE
    ../clib/heapaux.c                        0x00000000   Number         0  heapauxi.o ABSOLUTE
    ../clib/libinit.s                        0x00000000   Number         0  libshutdown2.o ABSOLUTE
    ../clib/libinit.s                        0x00000000   Number         0  libshutdown.o ABSOLUTE
    ../clib/libinit.s                        0x00000000   Number         0  libinit2.o ABSOLUTE
    ../clib/libinit.s                        0x00000000   Number         0  libinit.o ABSOLUTE
    ../clib/printf.c                         0x00000000   Number         0  _printf_char_file.o ABSOLUTE
    ../clib/printf.c                         0x00000000   Number         0  _printf_char_common.o ABSOLUTE
    ../clib/printf.c                         0x00000000   Number         0  __2printf.o ABSOLUTE
    ../clib/printf.c                         0x00000000   Number         0  noretval__2printf.o ABSOLUTE
    ../clib/printf.c                         0x00000000   Number         0  __printf_nopercent.o ABSOLUTE
    ../clib/signal.c                         0x00000000   Number         0  defsig_rtmem_inner.o ABSOLUTE
    ../clib/signal.c                         0x00000000   Number         0  defsig_cppl_inner.o ABSOLUTE
    ../clib/signal.c                         0x00000000   Number         0  defsig_segv_inner.o ABSOLUTE
    ../clib/signal.c                         0x00000000   Number         0  defsig_other.o ABSOLUTE
    ../clib/signal.c                         0x00000000   Number         0  defsig_stak_inner.o ABSOLUTE
    ../clib/signal.c                         0x00000000   Number         0  defsig_rtred_inner.o ABSOLUTE
    ../clib/signal.c                         0x00000000   Number         0  defsig_fpe_inner.o ABSOLUTE
    ../clib/signal.c                         0x00000000   Number         0  defsig_abrt_inner.o ABSOLUTE
    ../clib/signal.c                         0x00000000   Number         0  defsig_exit.o ABSOLUTE
    ../clib/signal.c                         0x00000000   Number         0  defsig_general.o ABSOLUTE
    ../clib/signal.c                         0x00000000   Number         0  defsig_rtmem_formal.o ABSOLUTE
    ../clib/signal.c                         0x00000000   Number         0  defsig_rtmem_outer.o ABSOLUTE
    ../clib/signal.c                         0x00000000   Number         0  defsig_pvfn_inner.o ABSOLUTE
    ../clib/signal.c                         0x00000000   Number         0  __raise.o ABSOLUTE
    ../clib/signal.s                         0x00000000   Number         0  defsig.o ABSOLUTE
    ../clib/stdio.c                          0x00000000   Number         0  ferror.o ABSOLUTE
    ../clib/stdio.c                          0x00000000   Number         0  ferror_locked.o ABSOLUTE
    ../clib/stdlib.c                         0x00000000   Number         0  exit.o ABSOLUTE
    ../fplib/ddiv.s                          0x00000000   Number         0  ddiv.o ABSOLUTE
    ../fplib/dfix.s                          0x00000000   Number         0  dfix.o ABSOLUTE
    ../fplib/dflt.s                          0x00000000   Number         0  dflt_clz.o ABSOLUTE
    ../fplib/dmul.s                          0x00000000   Number         0  dmul.o ABSOLUTE
    ../fplib/dnaninf.s                       0x00000000   Number         0  dnaninf.o ABSOLUTE
    ../fplib/dretinf.s                       0x00000000   Number         0  dretinf.o ABSOLUTE
    ../fplib/fpinit.s                        0x00000000   Number         0  fpinit.o ABSOLUTE
    ../fplib/usenofp.s                       0x00000000   Number         0  usenofp.o ABSOLUTE
    ..\CORE\core_cm3.c                       0x00000000   Number         0  core_cm3.o ABSOLUTE
    ..\CORE\startup_stm32f10x_hd.s           0x00000000   Number         0  startup_stm32f10x_hd.o ABSOLUTE
    ..\HARDWARE\IO\IO.c                      0x00000000   Number         0  io.o ABSOLUTE
    ..\HARDWARE\OLED\OLED_I2C.c              0x00000000   Number         0  oled_i2c.o ABSOLUTE
    ..\STM32F10x_FWLib\src\misc.c            0x00000000   Number         0  misc.o ABSOLUTE
    ..\STM32F10x_FWLib\src\stm32f10x_adc.c   0x00000000   Number         0  stm32f10x_adc.o ABSOLUTE
    ..\STM32F10x_FWLib\src\stm32f10x_bkp.c   0x00000000   Number         0  stm32f10x_bkp.o ABSOLUTE
    ..\STM32F10x_FWLib\src\stm32f10x_can.c   0x00000000   Number         0  stm32f10x_can.o ABSOLUTE
    ..\STM32F10x_FWLib\src\stm32f10x_cec.c   0x00000000   Number         0  stm32f10x_cec.o ABSOLUTE
    ..\STM32F10x_FWLib\src\stm32f10x_crc.c   0x00000000   Number         0  stm32f10x_crc.o ABSOLUTE
    ..\STM32F10x_FWLib\src\stm32f10x_dac.c   0x00000000   Number         0  stm32f10x_dac.o ABSOLUTE
    ..\STM32F10x_FWLib\src\stm32f10x_dbgmcu.c 0x00000000   Number         0  stm32f10x_dbgmcu.o ABSOLUTE
    ..\STM32F10x_FWLib\src\stm32f10x_dma.c   0x00000000   Number         0  stm32f10x_dma.o ABSOLUTE
    ..\STM32F10x_FWLib\src\stm32f10x_exti.c  0x00000000   Number         0  stm32f10x_exti.o ABSOLUTE
    ..\STM32F10x_FWLib\src\stm32f10x_flash.c 0x00000000   Number         0  stm32f10x_flash.o ABSOLUTE
    ..\STM32F10x_FWLib\src\stm32f10x_fsmc.c  0x00000000   Number         0  stm32f10x_fsmc.o ABSOLUTE
    ..\STM32F10x_FWLib\src\stm32f10x_gpio.c  0x00000000   Number         0  stm32f10x_gpio.o ABSOLUTE
    ..\STM32F10x_FWLib\src\stm32f10x_i2c.c   0x00000000   Number         0  stm32f10x_i2c.o ABSOLUTE
    ..\STM32F10x_FWLib\src\stm32f10x_iwdg.c  0x00000000   Number         0  stm32f10x_iwdg.o ABSOLUTE
    ..\STM32F10x_FWLib\src\stm32f10x_pwr.c   0x00000000   Number         0  stm32f10x_pwr.o ABSOLUTE
    ..\STM32F10x_FWLib\src\stm32f10x_rcc.c   0x00000000   Number         0  stm32f10x_rcc.o ABSOLUTE
    ..\STM32F10x_FWLib\src\stm32f10x_rtc.c   0x00000000   Number         0  stm32f10x_rtc.o ABSOLUTE
    ..\STM32F10x_FWLib\src\stm32f10x_sdio.c  0x00000000   Number         0  stm32f10x_sdio.o ABSOLUTE
    ..\STM32F10x_FWLib\src\stm32f10x_spi.c   0x00000000   Number         0  stm32f10x_spi.o ABSOLUTE
    ..\STM32F10x_FWLib\src\stm32f10x_tim.c   0x00000000   Number         0  stm32f10x_tim.o ABSOLUTE
    ..\STM32F10x_FWLib\src\stm32f10x_usart.c 0x00000000   Number         0  stm32f10x_usart.o ABSOLUTE
    ..\STM32F10x_FWLib\src\stm32f10x_wwdg.c  0x00000000   Number         0  stm32f10x_wwdg.o ABSOLUTE
    ..\SYSTEM\delay\delay.c                  0x00000000   Number         0  delay.o ABSOLUTE
    ..\SYSTEM\sys\sys.c                      0x00000000   Number         0  sys.o ABSOLUTE
    ..\SYSTEM\usart\usart.c                  0x00000000   Number         0  usart.o ABSOLUTE
    ..\\CORE\\core_cm3.c                     0x00000000   Number         0  core_cm3.o ABSOLUTE
    ..\\SYSTEM\\sys\\sys.c                   0x00000000   Number         0  sys.o ABSOLUTE
    dc.s                                     0x00000000   Number         0  dc.o ABSOLUTE
    main.c                                   0x00000000   Number         0  main.o ABSOLUTE
    stm32f10x_it.c                           0x00000000   Number         0  stm32f10x_it.o ABSOLUTE
    system_stm32f10x.c                       0x00000000   Number         0  system_stm32f10x.o ABSOLUTE
    RESET                                    0x08000000   Section      304  startup_stm32f10x_hd.o(RESET)
    !!!main                                  0x08000130   Section        8  __main.o(!!!main)
    !!!scatter                               0x08000138   Section       52  __scatter.o(!!!scatter)
    !!dczerorl2                              0x0800016c   Section       90  __dczerorl2.o(!!dczerorl2)
    !!handler_zi                             0x080001c8   Section       28  __scatter_zi.o(!!handler_zi)
    .ARM.Collect$$libinit$$00000000          0x080001e4   Section        2  libinit.o(.ARM.Collect$$libinit$$00000000)
    .ARM.Collect$$libinit$$00000002          0x080001e6   Section        0  libinit2.o(.ARM.Collect$$libinit$$00000002)
    .ARM.Collect$$libinit$$00000004          0x080001e6   Section        0  libinit2.o(.ARM.Collect$$libinit$$00000004)
    .ARM.Collect$$libinit$$0000000A          0x080001e6   Section        0  libinit2.o(.ARM.Collect$$libinit$$0000000A)
    .ARM.Collect$$libinit$$0000000C          0x080001e6   Section        0  libinit2.o(.ARM.Collect$$libinit$$0000000C)
    .ARM.Collect$$libinit$$0000000E          0x080001e6   Section        0  libinit2.o(.ARM.Collect$$libinit$$0000000E)
    .ARM.Collect$$libinit$$00000011          0x080001e6   Section        0  libinit2.o(.ARM.Collect$$libinit$$00000011)
    .ARM.Collect$$libinit$$00000013          0x080001e6   Section        0  libinit2.o(.ARM.Collect$$libinit$$00000013)
    .ARM.Collect$$libinit$$00000015          0x080001e6   Section        0  libinit2.o(.ARM.Collect$$libinit$$00000015)
    .ARM.Collect$$libinit$$00000017          0x080001e6   Section        0  libinit2.o(.ARM.Collect$$libinit$$00000017)
    .ARM.Collect$$libinit$$00000019          0x080001e6   Section        0  libinit2.o(.ARM.Collect$$libinit$$00000019)
    .ARM.Collect$$libinit$$0000001B          0x080001e6   Section        0  libinit2.o(.ARM.Collect$$libinit$$0000001B)
    .ARM.Collect$$libinit$$0000001D          0x080001e6   Section        0  libinit2.o(.ARM.Collect$$libinit$$0000001D)
    .ARM.Collect$$libinit$$0000001F          0x080001e6   Section        0  libinit2.o(.ARM.Collect$$libinit$$0000001F)
    .ARM.Collect$$libinit$$00000021          0x080001e6   Section        0  libinit2.o(.ARM.Collect$$libinit$$00000021)
    .ARM.Collect$$libinit$$00000023          0x080001e6   Section        0  libinit2.o(.ARM.Collect$$libinit$$00000023)
    .ARM.Collect$$libinit$$00000025          0x080001e6   Section        0  libinit2.o(.ARM.Collect$$libinit$$00000025)
    .ARM.Collect$$libinit$$0000002C          0x080001e6   Section        0  libinit2.o(.ARM.Collect$$libinit$$0000002C)
    .ARM.Collect$$libinit$$0000002E          0x080001e6   Section        0  libinit2.o(.ARM.Collect$$libinit$$0000002E)
    .ARM.Collect$$libinit$$00000030          0x080001e6   Section        0  libinit2.o(.ARM.Collect$$libinit$$00000030)
    .ARM.Collect$$libinit$$00000032          0x080001e6   Section        0  libinit2.o(.ARM.Collect$$libinit$$00000032)
    .ARM.Collect$$libinit$$00000033          0x080001e6   Section        2  libinit2.o(.ARM.Collect$$libinit$$00000033)
    .ARM.Collect$$libshutdown$$00000000      0x080001e8   Section        2  libshutdown.o(.ARM.Collect$$libshutdown$$00000000)
    .ARM.Collect$$libshutdown$$00000003      0x080001ea   Section        0  libshutdown2.o(.ARM.Collect$$libshutdown$$00000003)
    .ARM.Collect$$libshutdown$$00000006      0x080001ea   Section        0  libshutdown2.o(.ARM.Collect$$libshutdown$$00000006)
    .ARM.Collect$$libshutdown$$00000009      0x080001ea   Section        0  libshutdown2.o(.ARM.Collect$$libshutdown$$00000009)
    .ARM.Collect$$libshutdown$$0000000B      0x080001ea   Section        0  libshutdown2.o(.ARM.Collect$$libshutdown$$0000000B)
    .ARM.Collect$$libshutdown$$0000000E      0x080001ea   Section        0  libshutdown2.o(.ARM.Collect$$libshutdown$$0000000E)
    .ARM.Collect$$libshutdown$$0000000F      0x080001ea   Section        2  libshutdown2.o(.ARM.Collect$$libshutdown$$0000000F)
    .ARM.Collect$$rtentry$$00000000          0x080001ec   Section        0  __rtentry.o(.ARM.Collect$$rtentry$$00000000)
    .ARM.Collect$$rtentry$$00000002          0x080001ec   Section        0  __rtentry2.o(.ARM.Collect$$rtentry$$00000002)
    .ARM.Collect$$rtentry$$00000004          0x080001ec   Section        6  __rtentry4.o(.ARM.Collect$$rtentry$$00000004)
    .ARM.Collect$$rtentry$$00000009          0x080001f2   Section        0  __rtentry2.o(.ARM.Collect$$rtentry$$00000009)
    .ARM.Collect$$rtentry$$0000000A          0x080001f2   Section        4  __rtentry2.o(.ARM.Collect$$rtentry$$0000000A)
    .ARM.Collect$$rtentry$$0000000C          0x080001f6   Section        0  __rtentry2.o(.ARM.Collect$$rtentry$$0000000C)
    .ARM.Collect$$rtentry$$0000000D          0x080001f6   Section        8  __rtentry2.o(.ARM.Collect$$rtentry$$0000000D)
    .ARM.Collect$$rtexit$$00000000           0x080001fe   Section        2  rtexit.o(.ARM.Collect$$rtexit$$00000000)
    .ARM.Collect$$rtexit$$00000002           0x08000200   Section        0  rtexit2.o(.ARM.Collect$$rtexit$$00000002)
    .ARM.Collect$$rtexit$$00000003           0x08000200   Section        4  rtexit2.o(.ARM.Collect$$rtexit$$00000003)
    .ARM.Collect$$rtexit$$00000004           0x08000204   Section        6  rtexit2.o(.ARM.Collect$$rtexit$$00000004)
    .text                                    0x0800020c   Section       64  startup_stm32f10x_hd.o(.text)
    .text                                    0x0800024c   Section        2  use_no_semi_2.o(.text)
    .text                                    0x08000250   Section        0  noretval__2printf.o(.text)
    .text                                    0x08000268   Section        0  heapauxi.o(.text)
    .text                                    0x0800026e   Section        2  use_no_semi.o(.text)
    .text                                    0x08000270   Section        0  _printf_char_file.o(.text)
    .text                                    0x08000294   Section        0  _printf_char_common.o(.text)
    _printf_input_char                       0x08000295   Thumb Code    10  _printf_char_common.o(.text)
    .text                                    0x080002c4   Section        0  ferror.o(.text)
    .text                                    0x080002cc   Section       74  sys_stackheap_outer.o(.text)
    .text                                    0x08000316   Section        0  __printf_nopercent.o(.text)
    .text                                    0x0800033e   Section        0  exit.o(.text)
    .text                                    0x0800034c   Section        8  libspace.o(.text)
    i.BusFault_Handler                       0x08000354   Section        0  stm32f10x_it.o(i.BusFault_Handler)
    i.CAR_Speed                              0x08000358   Section        0  io.o(i.CAR_Speed)
    i.CAR_Tracing                            0x08000374   Section        0  io.o(i.CAR_Tracing)
    i.DebugMon_Handler                       0x080003cc   Section        0  stm32f10x_it.o(i.DebugMon_Handler)
    i.Encoder_Init_TIM3                      0x080003d0   Section        0  io.o(i.Encoder_Init_TIM3)
    i.GPIO_Drive_Init                        0x0800044c   Section        0  io.o(i.GPIO_Drive_Init)
    i.GPIO_IFTracing_Init                    0x080004fc   Section        0  io.o(i.GPIO_IFTracing_Init)
    i.GPIO_Init                              0x0800054c   Section        0  stm32f10x_gpio.o(i.GPIO_Init)
    i.GPIO_ResetBits                         0x08000662   Section        0  stm32f10x_gpio.o(i.GPIO_ResetBits)
    i.GPIO_SetBits                           0x08000666   Section        0  stm32f10x_gpio.o(i.GPIO_SetBits)
    i.HardFault_Handler                      0x0800066a   Section        0  stm32f10x_it.o(i.HardFault_Handler)
    i.I2C_CheckEvent                         0x0800066e   Section        0  stm32f10x_i2c.o(i.I2C_CheckEvent)
    i.I2C_Cmd                                0x08000698   Section        0  stm32f10x_i2c.o(i.I2C_Cmd)
    i.I2C_Configuration                      0x080006b0   Section        0  oled_i2c.o(i.I2C_Configuration)
    i.I2C_DeInit                             0x0800072c   Section        0  stm32f10x_i2c.o(i.I2C_DeInit)
    i.I2C_GenerateSTART                      0x08000764   Section        0  stm32f10x_i2c.o(i.I2C_GenerateSTART)
    i.I2C_GenerateSTOP                       0x0800077c   Section        0  stm32f10x_i2c.o(i.I2C_GenerateSTOP)
    i.I2C_GetFlagStatus                      0x08000794   Section        0  stm32f10x_i2c.o(i.I2C_GetFlagStatus)
    i.I2C_Init                               0x080007d0   Section        0  stm32f10x_i2c.o(i.I2C_Init)
    i.I2C_Send7bitAddress                    0x080008bc   Section        0  stm32f10x_i2c.o(i.I2C_Send7bitAddress)
    i.I2C_SendData                           0x080008ce   Section        0  stm32f10x_i2c.o(i.I2C_SendData)
    i.I2C_WriteByte                          0x080008d4   Section        0  oled_i2c.o(i.I2C_WriteByte)
    i.MemManage_Handler                      0x08000960   Section        0  stm32f10x_it.o(i.MemManage_Handler)
    i.NMI_Handler                            0x08000964   Section        0  stm32f10x_it.o(i.NMI_Handler)
    i.NVIC_Init                              0x08000968   Section        0  misc.o(i.NVIC_Init)
    i.NVIC_PriorityGroupConfig               0x080009d8   Section        0  misc.o(i.NVIC_PriorityGroupConfig)
    i.OLED_CLS                               0x080009ec   Section        0  oled_i2c.o(i.OLED_CLS)
    i.OLED_DrawBMP                           0x080009f6   Section        0  oled_i2c.o(i.OLED_DrawBMP)
    i.OLED_Fill                              0x08000a6a   Section        0  oled_i2c.o(i.OLED_Fill)
    i.OLED_Init                              0x08000aa4   Section        0  oled_i2c.o(i.OLED_Init)
    i.OLED_SetPos                            0x08000b56   Section        0  oled_i2c.o(i.OLED_SetPos)
    i.PendSV_Handler                         0x08000b7e   Section        0  stm32f10x_it.o(i.PendSV_Handler)
    i.RCC_APB1PeriphClockCmd                 0x08000b80   Section        0  stm32f10x_rcc.o(i.RCC_APB1PeriphClockCmd)
    i.RCC_APB1PeriphResetCmd                 0x08000ba0   Section        0  stm32f10x_rcc.o(i.RCC_APB1PeriphResetCmd)
    i.RCC_APB2PeriphClockCmd                 0x08000bc0   Section        0  stm32f10x_rcc.o(i.RCC_APB2PeriphClockCmd)
    i.RCC_GetClocksFreq                      0x08000be0   Section        0  stm32f10x_rcc.o(i.RCC_GetClocksFreq)
    i.Read_distance                          0x08000cb4   Section        0  io.o(i.Read_distance)
    i.SR04_GPIO_Init                         0x08000d18   Section        0  io.o(i.SR04_GPIO_Init)
    i.SR04_start                             0x08000d4c   Section        0  io.o(i.SR04_start)
    i.SVC_Handler                            0x08000d74   Section        0  stm32f10x_it.o(i.SVC_Handler)
    i.SetSysClock                            0x08000d76   Section        0  system_stm32f10x.o(i.SetSysClock)
    SetSysClock                              0x08000d77   Thumb Code     8  system_stm32f10x.o(i.SetSysClock)
    i.SetSysClockTo72                        0x08000d80   Section        0  system_stm32f10x.o(i.SetSysClockTo72)
    SetSysClockTo72                          0x08000d81   Thumb Code   214  system_stm32f10x.o(i.SetSysClockTo72)
    i.SysTick_CLKSourceConfig                0x08000e60   Section        0  misc.o(i.SysTick_CLKSourceConfig)
    i.SysTick_Handler                        0x08000e88   Section        0  stm32f10x_it.o(i.SysTick_Handler)
    i.SystemInit                             0x08000e8c   Section        0  system_stm32f10x.o(i.SystemInit)
    i.TI1_Config                             0x08000eec   Section        0  stm32f10x_tim.o(i.TI1_Config)
    TI1_Config                               0x08000eed   Thumb Code   108  stm32f10x_tim.o(i.TI1_Config)
    i.TI2_Config                             0x08000f6c   Section        0  stm32f10x_tim.o(i.TI2_Config)
    TI2_Config                               0x08000f6d   Thumb Code   130  stm32f10x_tim.o(i.TI2_Config)
    i.TI3_Config                             0x08001004   Section        0  stm32f10x_tim.o(i.TI3_Config)
    TI3_Config                               0x08001005   Thumb Code   122  stm32f10x_tim.o(i.TI3_Config)
    i.TI4_Config                             0x08001094   Section        0  stm32f10x_tim.o(i.TI4_Config)
    TI4_Config                               0x08001095   Thumb Code   130  stm32f10x_tim.o(i.TI4_Config)
    i.TIM1_STEngine_init                     0x0800112c   Section        0  io.o(i.TIM1_STEngine_init)
    i.TIM2_Cap_init                          0x080011cc   Section        0  io.o(i.TIM2_Cap_init)
    i.TIM2_IRQHandler                        0x08001274   Section        0  io.o(i.TIM2_IRQHandler)
    i.TIM4_PWM_Init                          0x08001334   Section        0  io.o(i.TIM4_PWM_Init)
    i.TIM_ARRPreloadConfig                   0x080013e0   Section        0  stm32f10x_tim.o(i.TIM_ARRPreloadConfig)
    i.TIM_ClearITPendingBit                  0x080013f8   Section        0  stm32f10x_tim.o(i.TIM_ClearITPendingBit)
    i.TIM_Cmd                                0x080013fe   Section        0  stm32f10x_tim.o(i.TIM_Cmd)
    i.TIM_CtrlPWMOutputs                     0x08001416   Section        0  stm32f10x_tim.o(i.TIM_CtrlPWMOutputs)
    i.TIM_EncoderInterfaceConfig             0x08001434   Section        0  stm32f10x_tim.o(i.TIM_EncoderInterfaceConfig)
    i.TIM_GetCapture2                        0x08001476   Section        0  stm32f10x_tim.o(i.TIM_GetCapture2)
    i.TIM_GetITStatus                        0x0800147c   Section        0  stm32f10x_tim.o(i.TIM_GetITStatus)
    i.TIM_ICInit                             0x080014a0   Section        0  stm32f10x_tim.o(i.TIM_ICInit)
    i.TIM_ICStructInit                       0x0800154c   Section        0  stm32f10x_tim.o(i.TIM_ICStructInit)
    i.TIM_ITConfig                           0x0800155e   Section        0  stm32f10x_tim.o(i.TIM_ITConfig)
    i.TIM_OC1Init                            0x08001570   Section        0  stm32f10x_tim.o(i.TIM_OC1Init)
    i.TIM_OC1PreloadConfig                   0x08001608   Section        0  stm32f10x_tim.o(i.TIM_OC1PreloadConfig)
    i.TIM_OC2Init                            0x0800161c   Section        0  stm32f10x_tim.o(i.TIM_OC2Init)
    i.TIM_OC2PolarityConfig                  0x080016c0   Section        0  stm32f10x_tim.o(i.TIM_OC2PolarityConfig)
    i.TIM_OC2PreloadConfig                   0x080016da   Section        0  stm32f10x_tim.o(i.TIM_OC2PreloadConfig)
    i.TIM_SetCompare1                        0x080016f4   Section        0  stm32f10x_tim.o(i.TIM_SetCompare1)
    i.TIM_SetCompare2                        0x080016f8   Section        0  stm32f10x_tim.o(i.TIM_SetCompare2)
    i.TIM_SetCounter                         0x080016fc   Section        0  stm32f10x_tim.o(i.TIM_SetCounter)
    i.TIM_SetIC1Prescaler                    0x08001700   Section        0  stm32f10x_tim.o(i.TIM_SetIC1Prescaler)
    i.TIM_SetIC2Prescaler                    0x08001712   Section        0  stm32f10x_tim.o(i.TIM_SetIC2Prescaler)
    i.TIM_SetIC3Prescaler                    0x0800172c   Section        0  stm32f10x_tim.o(i.TIM_SetIC3Prescaler)
    i.TIM_SetIC4Prescaler                    0x0800173e   Section        0  stm32f10x_tim.o(i.TIM_SetIC4Prescaler)
    i.TIM_TimeBaseInit                       0x08001758   Section        0  stm32f10x_tim.o(i.TIM_TimeBaseInit)
    i.USART1_IRQHandler                      0x080017fc   Section        0  usart.o(i.USART1_IRQHandler)
    i.USART_Cmd                              0x08001b90   Section        0  stm32f10x_usart.o(i.USART_Cmd)
    i.USART_GetITStatus                      0x08001ba8   Section        0  stm32f10x_usart.o(i.USART_GetITStatus)
    i.USART_ITConfig                         0x08001bfc   Section        0  stm32f10x_usart.o(i.USART_ITConfig)
    i.USART_Init                             0x08001c48   Section        0  stm32f10x_usart.o(i.USART_Init)
    i.USART_ReceiveData                      0x08001d20   Section        0  stm32f10x_usart.o(i.USART_ReceiveData)
    i.UsageFault_Handler                     0x08001d2a   Section        0  stm32f10x_it.o(i.UsageFault_Handler)
    i.WriteCmd                               0x08001d2e   Section        0  oled_i2c.o(i.WriteCmd)
    i.WriteDat                               0x08001d3c   Section        0  oled_i2c.o(i.WriteDat)
    i._sys_exit                              0x08001d4a   Section        0  usart.o(i._sys_exit)
    i.astronaut                              0x08001d50   Section        0  io.o(i.astronaut)
    i.car_back                               0x08001e58   Section        0  io.o(i.car_back)
    i.car_go                                 0x08001e84   Section        0  io.o(i.car_go)
    i.car_left                               0x08001eb0   Section        0  io.o(i.car_left)
    i.car_right                              0x08001eec   Section        0  io.o(i.car_right)
    i.car_stop                               0x08001f28   Section        0  io.o(i.car_stop)
    i.delay_init                             0x08001f50   Section        0  delay.o(i.delay_init)
    i.delay_ms                               0x08001f94   Section        0  delay.o(i.delay_ms)
    i.delay_us                               0x08001fe0   Section        0  delay.o(i.delay_us)
    i.fputc                                  0x0800202c   Section        0  usart.o(i.fputc)
    i.kunkunstart                            0x08002048   Section        0  io.o(i.kunkunstart)
    i.main                                   0x080023f4   Section        0  main.o(i.main)
    i.uart_init                              0x08002468   Section        0  usart.o(i.uart_init)
    x$fpl$ddiv                               0x08002528   Section      688  ddiv.o(x$fpl$ddiv)
    ddiv_entry                               0x0800252f   Thumb Code     0  ddiv.o(x$fpl$ddiv)
    x$fpl$dfix                               0x080027d8   Section       94  dfix.o(x$fpl$dfix)
    x$fpl$dflt                               0x08002836   Section       46  dflt_clz.o(x$fpl$dflt)
    x$fpl$dmul                               0x08002864   Section      340  dmul.o(x$fpl$dmul)
    x$fpl$dnaninf                            0x080029b8   Section      156  dnaninf.o(x$fpl$dnaninf)
    x$fpl$dretinf                            0x08002a54   Section       12  dretinf.o(x$fpl$dretinf)
    .constdata                               0x08002a60   Section    19456  io.o(.constdata)
    x$fpl$usenofp                            0x08002a60   Section        0  usenofp.o(x$fpl$usenofp)
    .data                                    0x20000000   Section       20  system_stm32f10x.o(.data)
    .data                                    0x20000014   Section        4  delay.o(.data)
    fac_us                                   0x20000014   Data           1  delay.o(.data)
    fac_ms                                   0x20000016   Data           2  delay.o(.data)
    .data                                    0x20000018   Section       16  usart.o(.data)
    .data                                    0x20000028   Section       20  stm32f10x_rcc.o(.data)
    APBAHBPrescTable                         0x20000028   Data          16  stm32f10x_rcc.o(.data)
    ADCPrescTable                            0x20000038   Data           4  stm32f10x_rcc.o(.data)
    .data                                    0x2000003c   Section     5124  io.o(.data)
    .bss                                     0x20001440   Section       10  io.o(.bss)
    .bss                                     0x2000144c   Section       96  libspace.o(.bss)
    HEAP                                     0x200014b0   Section      512  startup_stm32f10x_hd.o(HEAP)
    Heap_Mem                                 0x200014b0   Data         512  startup_stm32f10x_hd.o(HEAP)
    STACK                                    0x200016b0   Section     1024  startup_stm32f10x_hd.o(STACK)
    Stack_Mem                                0x200016b0   Data        1024  startup_stm32f10x_hd.o(STACK)
    __initial_sp                             0x20001ab0   Data           0  startup_stm32f10x_hd.o(STACK)

    Global Symbols

    Symbol Name                              Value     Ov Type        Size  Object(Section)

    BuildAttributes$$THM_ISAv4$P$D$K$B$S$PE$A:L22UL41UL21$X:L11$S22US41US21$IEEE1$IW$USESV6$~STKCKD$USESV7$~SHL$OSPACE$ROPI$EBA8$UX$STANDARDLIB$REQ8$PRES8$EABIv2 0x00000000   Number         0  anon$$obj.o ABSOLUTE
    __ARM_use_no_argv                        0x00000000   Number         0  main.o ABSOLUTE
    __ARM_exceptions_init                     - Undefined Weak Reference
    __alloca_initialize                       - Undefined Weak Reference
    __arm_preinit_                            - Undefined Weak Reference
    __cpp_initialize__aeabi_                  - Undefined Weak Reference
    __cxa_finalize                            - Undefined Weak Reference
    __rt_locale                               - Undefined Weak Reference
    __sigvec_lookup                           - Undefined Weak Reference
    _atexit_init                              - Undefined Weak Reference
    _call_atexit_fns                          - Undefined Weak Reference
    _clock_init                               - Undefined Weak Reference
    _fp_trap_init                             - Undefined Weak Reference
    _fp_trap_shutdown                         - Undefined Weak Reference
    _get_lc_collate                           - Undefined Weak Reference
    _get_lc_ctype                             - Undefined Weak Reference
    _get_lc_monetary                          - Undefined Weak Reference
    _get_lc_numeric                           - Undefined Weak Reference
    _get_lc_time                              - Undefined Weak Reference
    _getenv_init                              - Undefined Weak Reference
    _handle_redirection                       - Undefined Weak Reference
    _init_alloc                               - Undefined Weak Reference
    _init_user_alloc                          - Undefined Weak Reference
    _initio                                   - Undefined Weak Reference
    _mutex_acquire                            - Undefined Weak Reference
    _mutex_release                            - Undefined Weak Reference
    _rand_init                                - Undefined Weak Reference
    _signal_finish                            - Undefined Weak Reference
    _signal_init                              - Undefined Weak Reference
    _terminate_alloc                          - Undefined Weak Reference
    _terminate_user_alloc                     - Undefined Weak Reference
    _terminateio                              - Undefined Weak Reference
    __Vectors_Size                           0x00000130   Number         0  startup_stm32f10x_hd.o ABSOLUTE
    __Vectors                                0x08000000   Data           4  startup_stm32f10x_hd.o(RESET)
    __Vectors_End                            0x08000130   Data           0  startup_stm32f10x_hd.o(RESET)
    __main                                   0x08000131   Thumb Code     8  __main.o(!!!main)
    __scatterload                            0x08000139   Thumb Code     0  __scatter.o(!!!scatter)
    __scatterload_rt2                        0x08000139   Thumb Code    44  __scatter.o(!!!scatter)
    __scatterload_rt2_thumb_only             0x08000139   Thumb Code     0  __scatter.o(!!!scatter)
    __scatterload_null                       0x08000147   Thumb Code     0  __scatter.o(!!!scatter)
    __decompress                             0x0800016d   Thumb Code    90  __dczerorl2.o(!!dczerorl2)
    __decompress1                            0x0800016d   Thumb Code     0  __dczerorl2.o(!!dczerorl2)
    __scatterload_zeroinit                   0x080001c9   Thumb Code    28  __scatter_zi.o(!!handler_zi)
    __rt_lib_init                            0x080001e5   Thumb Code     0  libinit.o(.ARM.Collect$$libinit$$00000000)
    __rt_lib_init_alloca_1                   0x080001e7   Thumb Code     0  libinit2.o(.ARM.Collect$$libinit$$0000002E)
    __rt_lib_init_argv_1                     0x080001e7   Thumb Code     0  libinit2.o(.ARM.Collect$$libinit$$0000002C)
    __rt_lib_init_atexit_1                   0x080001e7   Thumb Code     0  libinit2.o(.ARM.Collect$$libinit$$0000001B)
    __rt_lib_init_clock_1                    0x080001e7   Thumb Code     0  libinit2.o(.ARM.Collect$$libinit$$00000021)
    __rt_lib_init_cpp_1                      0x080001e7   Thumb Code     0  libinit2.o(.ARM.Collect$$libinit$$00000032)
    __rt_lib_init_exceptions_1               0x080001e7   Thumb Code     0  libinit2.o(.ARM.Collect$$libinit$$00000030)
    __rt_lib_init_fp_1                       0x080001e7   Thumb Code     0  libinit2.o(.ARM.Collect$$libinit$$00000002)
    __rt_lib_init_fp_trap_1                  0x080001e7   Thumb Code     0  libinit2.o(.ARM.Collect$$libinit$$0000001F)
    __rt_lib_init_getenv_1                   0x080001e7   Thumb Code     0  libinit2.o(.ARM.Collect$$libinit$$00000023)
    __rt_lib_init_heap_1                     0x080001e7   Thumb Code     0  libinit2.o(.ARM.Collect$$libinit$$0000000A)
    __rt_lib_init_lc_collate_1               0x080001e7   Thumb Code     0  libinit2.o(.ARM.Collect$$libinit$$00000011)
    __rt_lib_init_lc_ctype_1                 0x080001e7   Thumb Code     0  libinit2.o(.ARM.Collect$$libinit$$00000013)
    __rt_lib_init_lc_monetary_1              0x080001e7   Thumb Code     0  libinit2.o(.ARM.Collect$$libinit$$00000015)
    __rt_lib_init_lc_numeric_1               0x080001e7   Thumb Code     0  libinit2.o(.ARM.Collect$$libinit$$00000017)
    __rt_lib_init_lc_time_1                  0x080001e7   Thumb Code     0  libinit2.o(.ARM.Collect$$libinit$$00000019)
    __rt_lib_init_preinit_1                  0x080001e7   Thumb Code     0  libinit2.o(.ARM.Collect$$libinit$$00000004)
    __rt_lib_init_rand_1                     0x080001e7   Thumb Code     0  libinit2.o(.ARM.Collect$$libinit$$0000000E)
    __rt_lib_init_return                     0x080001e7   Thumb Code     0  libinit2.o(.ARM.Collect$$libinit$$00000033)
    __rt_lib_init_signal_1                   0x080001e7   Thumb Code     0  libinit2.o(.ARM.Collect$$libinit$$0000001D)
    __rt_lib_init_stdio_1                    0x080001e7   Thumb Code     0  libinit2.o(.ARM.Collect$$libinit$$00000025)
    __rt_lib_init_user_alloc_1               0x080001e7   Thumb Code     0  libinit2.o(.ARM.Collect$$libinit$$0000000C)
    __rt_lib_shutdown                        0x080001e9   Thumb Code     0  libshutdown.o(.ARM.Collect$$libshutdown$$00000000)
    __rt_lib_shutdown_fp_trap_1              0x080001eb   Thumb Code     0  libshutdown2.o(.ARM.Collect$$libshutdown$$00000006)
    __rt_lib_shutdown_heap_1                 0x080001eb   Thumb Code     0  libshutdown2.o(.ARM.Collect$$libshutdown$$0000000E)
    __rt_lib_shutdown_return                 0x080001eb   Thumb Code     0  libshutdown2.o(.ARM.Collect$$libshutdown$$0000000F)
    __rt_lib_shutdown_signal_1               0x080001eb   Thumb Code     0  libshutdown2.o(.ARM.Collect$$libshutdown$$00000009)
    __rt_lib_shutdown_stdio_1                0x080001eb   Thumb Code     0  libshutdown2.o(.ARM.Collect$$libshutdown$$00000003)
    __rt_lib_shutdown_user_alloc_1           0x080001eb   Thumb Code     0  libshutdown2.o(.ARM.Collect$$libshutdown$$0000000B)
    __rt_entry                               0x080001ed   Thumb Code     0  __rtentry.o(.ARM.Collect$$rtentry$$00000000)
    __rt_entry_presh_1                       0x080001ed   Thumb Code     0  __rtentry2.o(.ARM.Collect$$rtentry$$00000002)
    __rt_entry_sh                            0x080001ed   Thumb Code     0  __rtentry4.o(.ARM.Collect$$rtentry$$00000004)
    __rt_entry_li                            0x080001f3   Thumb Code     0  __rtentry2.o(.ARM.Collect$$rtentry$$0000000A)
    __rt_entry_postsh_1                      0x080001f3   Thumb Code     0  __rtentry2.o(.ARM.Collect$$rtentry$$00000009)
    __rt_entry_main                          0x080001f7   Thumb Code     0  __rtentry2.o(.ARM.Collect$$rtentry$$0000000D)
    __rt_entry_postli_1                      0x080001f7   Thumb Code     0  __rtentry2.o(.ARM.Collect$$rtentry$$0000000C)
    __rt_exit                                0x080001ff   Thumb Code     0  rtexit.o(.ARM.Collect$$rtexit$$00000000)
    __rt_exit_ls                             0x08000201   Thumb Code     0  rtexit2.o(.ARM.Collect$$rtexit$$00000003)
    __rt_exit_prels_1                        0x08000201   Thumb Code     0  rtexit2.o(.ARM.Collect$$rtexit$$00000002)
    __rt_exit_exit                           0x08000205   Thumb Code     0  rtexit2.o(.ARM.Collect$$rtexit$$00000004)
    Reset_Handler                            0x0800020d   Thumb Code     8  startup_stm32f10x_hd.o(.text)
    ADC1_2_IRQHandler                        0x08000227   Thumb Code     0  startup_stm32f10x_hd.o(.text)
    ADC3_IRQHandler                          0x08000227   Thumb Code     0  startup_stm32f10x_hd.o(.text)
    CAN1_RX1_IRQHandler                      0x08000227   Thumb Code     0  startup_stm32f10x_hd.o(.text)
    CAN1_SCE_IRQHandler                      0x08000227   Thumb Code     0  startup_stm32f10x_hd.o(.text)
    DMA1_Channel1_IRQHandler                 0x08000227   Thumb Code     0  startup_stm32f10x_hd.o(.text)
    DMA1_Channel2_IRQHandler                 0x08000227   Thumb Code     0  startup_stm32f10x_hd.o(.text)
    DMA1_Channel3_IRQHandler                 0x08000227   Thumb Code     0  startup_stm32f10x_hd.o(.text)
    DMA1_Channel4_IRQHandler                 0x08000227   Thumb Code     0  startup_stm32f10x_hd.o(.text)
    DMA1_Channel5_IRQHandler                 0x08000227   Thumb Code     0  startup_stm32f10x_hd.o(.text)
    DMA1_Channel6_IRQHandler                 0x08000227   Thumb Code     0  startup_stm32f10x_hd.o(.text)
    DMA1_Channel7_IRQHandler                 0x08000227   Thumb Code     0  startup_stm32f10x_hd.o(.text)
    DMA2_Channel1_IRQHandler                 0x08000227   Thumb Code     0  startup_stm32f10x_hd.o(.text)
    DMA2_Channel2_IRQHandler                 0x08000227   Thumb Code     0  startup_stm32f10x_hd.o(.text)
    DMA2_Channel3_IRQHandler                 0x08000227   Thumb Code     0  startup_stm32f10x_hd.o(.text)
    DMA2_Channel4_5_IRQHandler               0x08000227   Thumb Code     0  startup_stm32f10x_hd.o(.text)
    EXTI0_IRQHandler                         0x08000227   Thumb Code     0  startup_stm32f10x_hd.o(.text)
    EXTI15_10_IRQHandler                     0x08000227   Thumb Code     0  startup_stm32f10x_hd.o(.text)
    EXTI1_IRQHandler                         0x08000227   Thumb Code     0  startup_stm32f10x_hd.o(.text)
    EXTI2_IRQHandler                         0x08000227   Thumb Code     0  startup_stm32f10x_hd.o(.text)
    EXTI3_IRQHandler                         0x08000227   Thumb Code     0  startup_stm32f10x_hd.o(.text)
    EXTI4_IRQHandler                         0x08000227   Thumb Code     0  startup_stm32f10x_hd.o(.text)
    EXTI9_5_IRQHandler                       0x08000227   Thumb Code     0  startup_stm32f10x_hd.o(.text)
    FLASH_IRQHandler                         0x08000227   Thumb Code     0  startup_stm32f10x_hd.o(.text)
    FSMC_IRQHandler                          0x08000227   Thumb Code     0  startup_stm32f10x_hd.o(.text)
    I2C1_ER_IRQHandler                       0x08000227   Thumb Code     0  startup_stm32f10x_hd.o(.text)
    I2C1_EV_IRQHandler                       0x08000227   Thumb Code     0  startup_stm32f10x_hd.o(.text)
    I2C2_ER_IRQHandler                       0x08000227   Thumb Code     0  startup_stm32f10x_hd.o(.text)
    I2C2_EV_IRQHandler                       0x08000227   Thumb Code     0  startup_stm32f10x_hd.o(.text)
    PVD_IRQHandler                           0x08000227   Thumb Code     0  startup_stm32f10x_hd.o(.text)
    RCC_IRQHandler                           0x08000227   Thumb Code     0  startup_stm32f10x_hd.o(.text)
    RTCAlarm_IRQHandler                      0x08000227   Thumb Code     0  startup_stm32f10x_hd.o(.text)
    RTC_IRQHandler                           0x08000227   Thumb Code     0  startup_stm32f10x_hd.o(.text)
    SDIO_IRQHandler                          0x08000227   Thumb Code     0  startup_stm32f10x_hd.o(.text)
    SPI1_IRQHandler                          0x08000227   Thumb Code     0  startup_stm32f10x_hd.o(.text)
    SPI2_IRQHandler                          0x08000227   Thumb Code     0  startup_stm32f10x_hd.o(.text)
    SPI3_IRQHandler                          0x08000227   Thumb Code     0  startup_stm32f10x_hd.o(.text)
    TAMPER_IRQHandler                        0x08000227   Thumb Code     0  startup_stm32f10x_hd.o(.text)
    TIM1_BRK_IRQHandler                      0x08000227   Thumb Code     0  startup_stm32f10x_hd.o(.text)
    TIM1_CC_IRQHandler                       0x08000227   Thumb Code     0  startup_stm32f10x_hd.o(.text)
    TIM1_TRG_COM_IRQHandler                  0x08000227   Thumb Code     0  startup_stm32f10x_hd.o(.text)
    TIM1_UP_IRQHandler                       0x08000227   Thumb Code     0  startup_stm32f10x_hd.o(.text)
    TIM3_IRQHandler                          0x08000227   Thumb Code     0  startup_stm32f10x_hd.o(.text)
    TIM4_IRQHandler                          0x08000227   Thumb Code     0  startup_stm32f10x_hd.o(.text)
    TIM5_IRQHandler                          0x08000227   Thumb Code     0  startup_stm32f10x_hd.o(.text)
    TIM6_IRQHandler                          0x08000227   Thumb Code     0  startup_stm32f10x_hd.o(.text)
    TIM7_IRQHandler                          0x08000227   Thumb Code     0  startup_stm32f10x_hd.o(.text)
    TIM8_BRK_IRQHandler                      0x08000227   Thumb Code     0  startup_stm32f10x_hd.o(.text)
    TIM8_CC_IRQHandler                       0x08000227   Thumb Code     0  startup_stm32f10x_hd.o(.text)
    TIM8_TRG_COM_IRQHandler                  0x08000227   Thumb Code     0  startup_stm32f10x_hd.o(.text)
    TIM8_UP_IRQHandler                       0x08000227   Thumb Code     0  startup_stm32f10x_hd.o(.text)
    UART4_IRQHandler                         0x08000227   Thumb Code     0  startup_stm32f10x_hd.o(.text)
    UART5_IRQHandler                         0x08000227   Thumb Code     0  startup_stm32f10x_hd.o(.text)
    USART2_IRQHandler                        0x08000227   Thumb Code     0  startup_stm32f10x_hd.o(.text)
    USART3_IRQHandler                        0x08000227   Thumb Code     0  startup_stm32f10x_hd.o(.text)
    USBWakeUp_IRQHandler                     0x08000227   Thumb Code     0  startup_stm32f10x_hd.o(.text)
    USB_HP_CAN1_TX_IRQHandler                0x08000227   Thumb Code     0  startup_stm32f10x_hd.o(.text)
    USB_LP_CAN1_RX0_IRQHandler               0x08000227   Thumb Code     0  startup_stm32f10x_hd.o(.text)
    WWDG_IRQHandler                          0x08000227   Thumb Code     0  startup_stm32f10x_hd.o(.text)
    __user_initial_stackheap                 0x08000229   Thumb Code     0  startup_stm32f10x_hd.o(.text)
    __use_no_semihosting                     0x0800024d   Thumb Code     2  use_no_semi_2.o(.text)
    __2printf                                0x08000251   Thumb Code    20  noretval__2printf.o(.text)
    __use_two_region_memory                  0x08000269   Thumb Code     2  heapauxi.o(.text)
    __rt_heap_escrow$2region                 0x0800026b   Thumb Code     2  heapauxi.o(.text)
    __rt_heap_expand$2region                 0x0800026d   Thumb Code     2  heapauxi.o(.text)
    __I$use$semihosting                      0x0800026f   Thumb Code     0  use_no_semi.o(.text)
    __use_no_semihosting_swi                 0x0800026f   Thumb Code     2  use_no_semi.o(.text)
    _printf_char_file                        0x08000271   Thumb Code    32  _printf_char_file.o(.text)
    _printf_char_common                      0x0800029f   Thumb Code    32  _printf_char_common.o(.text)
    ferror                                   0x080002c5   Thumb Code     8  ferror.o(.text)
    __user_setup_stackheap                   0x080002cd   Thumb Code    74  sys_stackheap_outer.o(.text)
    __printf                                 0x08000317   Thumb Code    40  __printf_nopercent.o(.text)
    exit                                     0x0800033f   Thumb Code    12  exit.o(.text)
    __user_libspace                          0x0800034d   Thumb Code     8  libspace.o(.text)
    __user_perproc_libspace                  0x0800034d   Thumb Code     0  libspace.o(.text)
    __user_perthread_libspace                0x0800034d   Thumb Code     0  libspace.o(.text)
    BusFault_Handler                         0x08000355   Thumb Code     4  stm32f10x_it.o(i.BusFault_Handler)
    CAR_Speed                                0x08000359   Thumb Code    24  io.o(i.CAR_Speed)
    CAR_Tracing                              0x08000375   Thumb Code    84  io.o(i.CAR_Tracing)
    DebugMon_Handler                         0x080003cd   Thumb Code     2  stm32f10x_it.o(i.DebugMon_Handler)
    Encoder_Init_TIM3                        0x080003d1   Thumb Code   114  io.o(i.Encoder_Init_TIM3)
    GPIO_Drive_Init                          0x0800044d   Thumb Code   164  io.o(i.GPIO_Drive_Init)
    GPIO_IFTracing_Init                      0x080004fd   Thumb Code    76  io.o(i.GPIO_IFTracing_Init)
    GPIO_Init                                0x0800054d   Thumb Code   278  stm32f10x_gpio.o(i.GPIO_Init)
    GPIO_ResetBits                           0x08000663   Thumb Code     4  stm32f10x_gpio.o(i.GPIO_ResetBits)
    GPIO_SetBits                             0x08000667   Thumb Code     4  stm32f10x_gpio.o(i.GPIO_SetBits)
    HardFault_Handler                        0x0800066b   Thumb Code     4  stm32f10x_it.o(i.HardFault_Handler)
    I2C_CheckEvent                           0x0800066f   Thumb Code    42  stm32f10x_i2c.o(i.I2C_CheckEvent)
    I2C_Cmd                                  0x08000699   Thumb Code    24  stm32f10x_i2c.o(i.I2C_Cmd)
    I2C_Configuration                        0x080006b1   Thumb Code   112  oled_i2c.o(i.I2C_Configuration)
    I2C_DeInit                               0x0800072d   Thumb Code    50  stm32f10x_i2c.o(i.I2C_DeInit)
    I2C_GenerateSTART                        0x08000765   Thumb Code    24  stm32f10x_i2c.o(i.I2C_GenerateSTART)
    I2C_GenerateSTOP                         0x0800077d   Thumb Code    24  stm32f10x_i2c.o(i.I2C_GenerateSTOP)
    I2C_GetFlagStatus                        0x08000795   Thumb Code    58  stm32f10x_i2c.o(i.I2C_GetFlagStatus)
    I2C_Init                                 0x080007d1   Thumb Code   222  stm32f10x_i2c.o(i.I2C_Init)
    I2C_Send7bitAddress                      0x080008bd   Thumb Code    18  stm32f10x_i2c.o(i.I2C_Send7bitAddress)
    I2C_SendData                             0x080008cf   Thumb Code     4  stm32f10x_i2c.o(i.I2C_SendData)
    I2C_WriteByte                            0x080008d5   Thumb Code   126  oled_i2c.o(i.I2C_WriteByte)
    MemManage_Handler                        0x08000961   Thumb Code     4  stm32f10x_it.o(i.MemManage_Handler)
    NMI_Handler                              0x08000965   Thumb Code     2  stm32f10x_it.o(i.NMI_Handler)
    NVIC_Init                                0x08000969   Thumb Code   100  misc.o(i.NVIC_Init)
    NVIC_PriorityGroupConfig                 0x080009d9   Thumb Code    10  misc.o(i.NVIC_PriorityGroupConfig)
    OLED_CLS                                 0x080009ed   Thumb Code    10  oled_i2c.o(i.OLED_CLS)
    OLED_DrawBMP                             0x080009f7   Thumb Code   116  oled_i2c.o(i.OLED_DrawBMP)
    OLED_Fill                                0x08000a6b   Thumb Code    58  oled_i2c.o(i.OLED_Fill)
    OLED_Init                                0x08000aa5   Thumb Code   178  oled_i2c.o(i.OLED_Init)
    OLED_SetPos                              0x08000b57   Thumb Code    40  oled_i2c.o(i.OLED_SetPos)
    PendSV_Handler                           0x08000b7f   Thumb Code     2  stm32f10x_it.o(i.PendSV_Handler)
    RCC_APB1PeriphClockCmd                   0x08000b81   Thumb Code    26  stm32f10x_rcc.o(i.RCC_APB1PeriphClockCmd)
    RCC_APB1PeriphResetCmd                   0x08000ba1   Thumb Code    26  stm32f10x_rcc.o(i.RCC_APB1PeriphResetCmd)
    RCC_APB2PeriphClockCmd                   0x08000bc1   Thumb Code    26  stm32f10x_rcc.o(i.RCC_APB2PeriphClockCmd)
    RCC_GetClocksFreq                        0x08000be1   Thumb Code   192  stm32f10x_rcc.o(i.RCC_GetClocksFreq)
    Read_distance                            0x08000cb5   Thumb Code    84  io.o(i.Read_distance)
    SR04_GPIO_Init                           0x08000d19   Thumb Code    46  io.o(i.SR04_GPIO_Init)
    SR04_start                               0x08000d4d   Thumb Code    30  io.o(i.SR04_start)
    SVC_Handler                              0x08000d75   Thumb Code     2  stm32f10x_it.o(i.SVC_Handler)
    SysTick_CLKSourceConfig                  0x08000e61   Thumb Code    40  misc.o(i.SysTick_CLKSourceConfig)
    SysTick_Handler                          0x08000e89   Thumb Code     2  stm32f10x_it.o(i.SysTick_Handler)
    SystemInit                               0x08000e8d   Thumb Code    78  system_stm32f10x.o(i.SystemInit)
    TIM1_STEngine_init                       0x0800112d   Thumb Code   150  io.o(i.TIM1_STEngine_init)
    TIM2_Cap_init                            0x080011cd   Thumb Code   160  io.o(i.TIM2_Cap_init)
    TIM2_IRQHandler                          0x08001275   Thumb Code   184  io.o(i.TIM2_IRQHandler)
    TIM4_PWM_Init                            0x08001335   Thumb Code   164  io.o(i.TIM4_PWM_Init)
    TIM_ARRPreloadConfig                     0x080013e1   Thumb Code    24  stm32f10x_tim.o(i.TIM_ARRPreloadConfig)
    TIM_ClearITPendingBit                    0x080013f9   Thumb Code     6  stm32f10x_tim.o(i.TIM_ClearITPendingBit)
    TIM_Cmd                                  0x080013ff   Thumb Code    24  stm32f10x_tim.o(i.TIM_Cmd)
    TIM_CtrlPWMOutputs                       0x08001417   Thumb Code    30  stm32f10x_tim.o(i.TIM_CtrlPWMOutputs)
    TIM_EncoderInterfaceConfig               0x08001435   Thumb Code    66  stm32f10x_tim.o(i.TIM_EncoderInterfaceConfig)
    TIM_GetCapture2                          0x08001477   Thumb Code     6  stm32f10x_tim.o(i.TIM_GetCapture2)
    TIM_GetITStatus                          0x0800147d   Thumb Code    34  stm32f10x_tim.o(i.TIM_GetITStatus)
    TIM_ICInit                               0x080014a1   Thumb Code   150  stm32f10x_tim.o(i.TIM_ICInit)
    TIM_ICStructInit                         0x0800154d   Thumb Code    18  stm32f10x_tim.o(i.TIM_ICStructInit)
    TIM_ITConfig                             0x0800155f   Thumb Code    18  stm32f10x_tim.o(i.TIM_ITConfig)
    TIM_OC1Init                              0x08001571   Thumb Code   132  stm32f10x_tim.o(i.TIM_OC1Init)
    TIM_OC1PreloadConfig                     0x08001609   Thumb Code    18  stm32f10x_tim.o(i.TIM_OC1PreloadConfig)
    TIM_OC2Init                              0x0800161d   Thumb Code   154  stm32f10x_tim.o(i.TIM_OC2Init)
    TIM_OC2PolarityConfig                    0x080016c1   Thumb Code    26  stm32f10x_tim.o(i.TIM_OC2PolarityConfig)
    TIM_OC2PreloadConfig                     0x080016db   Thumb Code    26  stm32f10x_tim.o(i.TIM_OC2PreloadConfig)
    TIM_SetCompare1                          0x080016f5   Thumb Code     4  stm32f10x_tim.o(i.TIM_SetCompare1)
    TIM_SetCompare2                          0x080016f9   Thumb Code     4  stm32f10x_tim.o(i.TIM_SetCompare2)
    TIM_SetCounter                           0x080016fd   Thumb Code     4  stm32f10x_tim.o(i.TIM_SetCounter)
    TIM_SetIC1Prescaler                      0x08001701   Thumb Code    18  stm32f10x_tim.o(i.TIM_SetIC1Prescaler)
    TIM_SetIC2Prescaler                      0x08001713   Thumb Code    26  stm32f10x_tim.o(i.TIM_SetIC2Prescaler)
    TIM_SetIC3Prescaler                      0x0800172d   Thumb Code    18  stm32f10x_tim.o(i.TIM_SetIC3Prescaler)
    TIM_SetIC4Prescaler                      0x0800173f   Thumb Code    26  stm32f10x_tim.o(i.TIM_SetIC4Prescaler)
    TIM_TimeBaseInit                         0x08001759   Thumb Code   122  stm32f10x_tim.o(i.TIM_TimeBaseInit)
    USART1_IRQHandler                        0x080017fd   Thumb Code   852  usart.o(i.USART1_IRQHandler)
    USART_Cmd                                0x08001b91   Thumb Code    24  stm32f10x_usart.o(i.USART_Cmd)
    USART_GetITStatus                        0x08001ba9   Thumb Code    84  stm32f10x_usart.o(i.USART_GetITStatus)
    USART_ITConfig                           0x08001bfd   Thumb Code    74  stm32f10x_usart.o(i.USART_ITConfig)
    USART_Init                               0x08001c49   Thumb Code   210  stm32f10x_usart.o(i.USART_Init)
    USART_ReceiveData                        0x08001d21   Thumb Code    10  stm32f10x_usart.o(i.USART_ReceiveData)
    UsageFault_Handler                       0x08001d2b   Thumb Code     4  stm32f10x_it.o(i.UsageFault_Handler)
    WriteCmd                                 0x08001d2f   Thumb Code    14  oled_i2c.o(i.WriteCmd)
    WriteDat                                 0x08001d3d   Thumb Code    14  oled_i2c.o(i.WriteDat)
    _sys_exit                                0x08001d4b   Thumb Code     4  usart.o(i._sys_exit)
    astronaut                                0x08001d51   Thumb Code   222  io.o(i.astronaut)
    car_back                                 0x08001e59   Thumb Code    30  io.o(i.car_back)
    car_go                                   0x08001e85   Thumb Code    30  io.o(i.car_go)
    car_left                                 0x08001eb1   Thumb Code    44  io.o(i.car_left)
    car_right                                0x08001eed   Thumb Code    44  io.o(i.car_right)
    car_stop                                 0x08001f29   Thumb Code    26  io.o(i.car_stop)
    delay_init                               0x08001f51   Thumb Code    50  delay.o(i.delay_init)
    delay_ms                                 0x08001f95   Thumb Code    72  delay.o(i.delay_ms)
    delay_us                                 0x08001fe1   Thumb Code    72  delay.o(i.delay_us)
    fputc                                    0x0800202d   Thumb Code    24  usart.o(i.fputc)
    kunkunstart                              0x08002049   Thumb Code   786  io.o(i.kunkunstart)
    main                                     0x080023f5   Thumb Code   110  main.o(i.main)
    uart_init                                0x08002469   Thumb Code   182  usart.o(i.uart_init)
    __aeabi_ddiv                             0x08002529   Thumb Code     0  ddiv.o(x$fpl$ddiv)
    _ddiv                                    0x08002529   Thumb Code   552  ddiv.o(x$fpl$ddiv)
    __aeabi_d2iz                             0x080027d9   Thumb Code     0  dfix.o(x$fpl$dfix)
    _dfix                                    0x080027d9   Thumb Code    94  dfix.o(x$fpl$dfix)
    __aeabi_i2d                              0x08002837   Thumb Code     0  dflt_clz.o(x$fpl$dflt)
    _dflt                                    0x08002837   Thumb Code    46  dflt_clz.o(x$fpl$dflt)
    __aeabi_dmul                             0x08002865   Thumb Code     0  dmul.o(x$fpl$dmul)
    _dmul                                    0x08002865   Thumb Code   332  dmul.o(x$fpl$dmul)
    __fpl_dnaninf                            0x080029b9   Thumb Code   156  dnaninf.o(x$fpl$dnaninf)
    __fpl_dretinf                            0x08002a55   Thumb Code    12  dretinf.o(x$fpl$dretinf)
    BMP1                                     0x08002a60   Data         512  io.o(.constdata)
    __I$use$fp                               0x08002a60   Number         0  usenofp.o(x$fpl$usenofp)
    BMP2                                     0x08002c60   Data         512  io.o(.constdata)
    BMP3                                     0x08002e60   Data         512  io.o(.constdata)
    BMP4                                     0x08003060   Data         512  io.o(.constdata)
    BMP5                                     0x08003260   Data         512  io.o(.constdata)
    BMP6                                     0x08003460   Data         512  io.o(.constdata)
    BMP7                                     0x08003660   Data         512  io.o(.constdata)
    BMP8                                     0x08003860   Data         512  io.o(.constdata)
    BMP9                                     0x08003a60   Data         512  io.o(.constdata)
    BMP10                                    0x08003c60   Data         512  io.o(.constdata)
    BMP11                                    0x08003e60   Data         512  io.o(.constdata)
    BMP12                                    0x08004060   Data         512  io.o(.constdata)
    BMP13                                    0x08004260   Data         512  io.o(.constdata)
    BMP14                                    0x08004460   Data         512  io.o(.constdata)
    BMP15                                    0x08004660   Data         512  io.o(.constdata)
    BMP16                                    0x08004860   Data         512  io.o(.constdata)
    BMP17                                    0x08004a60   Data         512  io.o(.constdata)
    BMP18                                    0x08004c60   Data         512  io.o(.constdata)
    BMP19                                    0x08004e60   Data         512  io.o(.constdata)
    BMP20                                    0x08005060   Data         512  io.o(.constdata)
    BMP21                                    0x08005260   Data         512  io.o(.constdata)
    BMP22                                    0x08005460   Data         512  io.o(.constdata)
    BMP23                                    0x08005660   Data         512  io.o(.constdata)
    BMP24                                    0x08005860   Data         512  io.o(.constdata)
    BMP25                                    0x08005a60   Data         512  io.o(.constdata)
    BMP26                                    0x08005c60   Data         512  io.o(.constdata)
    BMP27                                    0x08005e60   Data         512  io.o(.constdata)
    BMP28                                    0x08006060   Data         512  io.o(.constdata)
    BMP29                                    0x08006260   Data         512  io.o(.constdata)
    BMP30                                    0x08006460   Data         512  io.o(.constdata)
    BMP31                                    0x08006660   Data         512  io.o(.constdata)
    BMP32                                    0x08006860   Data         512  io.o(.constdata)
    BMP33                                    0x08006a60   Data         512  io.o(.constdata)
    BMP34                                    0x08006c60   Data         512  io.o(.constdata)
    BMP35                                    0x08006e60   Data         512  io.o(.constdata)
    BMP36                                    0x08007060   Data         512  io.o(.constdata)
    BMP37                                    0x08007260   Data         512  io.o(.constdata)
    BMP38                                    0x08007460   Data         512  io.o(.constdata)
    Region$$Table$$Base                      0x08007660   Number         0  anon$$obj.o(Region$$Table)
    Region$$Table$$Limit                     0x08007680   Number         0  anon$$obj.o(Region$$Table)
    SystemCoreClock                          0x20000000   Data           4  system_stm32f10x.o(.data)
    AHBPrescTable                            0x20000004   Data          16  system_stm32f10x.o(.data)
    __stdout                                 0x20000018   Data           4  usart.o(.data)
    USART_RX_STA                             0x2000001c   Data           2  usart.o(.data)
    Uart2_Rx                                 0x20000020   Data           4  usart.o(.data)
    speed                                    0x20000024   Data           2  usart.o(.data)
    stFlag                                   0x20000026   Data           2  usart.o(.data)
    BMP42                                    0x2000003c   Data         512  io.o(.data)
    BMP44                                    0x2000023c   Data         512  io.o(.data)
    BMP46                                    0x2000043c   Data         512  io.o(.data)
    BMP48                                    0x2000063c   Data         512  io.o(.data)
    BMP49                                    0x2000083c   Data         512  io.o(.data)
    BMP40                                    0x20000a3c   Data         512  io.o(.data)
    BMP41                                    0x20000c3c   Data         512  io.o(.data)
    BMP43                                    0x20000e3c   Data         512  io.o(.data)
    BMP47                                    0x2000103c   Data         512  io.o(.data)
    BMP45                                    0x2000123c   Data         512  io.o(.data)
    TIM5CH1_CAPTURE_STA                      0x2000143c   Data           1  io.o(.data)
    TIM5CH1_CAPTURE_VAL                      0x2000143e   Data           2  io.o(.data)
    TIM2_ICInitStructure                     0x20001440   Data          10  io.o(.bss)
    __libspace_start                         0x2000144c   Data          96  libspace.o(.bss)
    __temporary_stack_top$libspace           0x200014ac   Data           0  libspace.o(.bss)



==============================================================================

Memory Map of the image

  Image Entry point : 0x0800020d

  Load Region LR_1 (Base: 0x08000000, Size: 0x00008ac0, Max: 0xffffffff, ABSOLUTE, COMPRESSED[0x00007d44])

    Execution Region ER_RO (Base: 0x08000000, Size: 0x00007680, Max: 0xffffffff, ABSOLUTE)

    Base Addr    Size         Type   Attr      Idx    E Section Name        Object

    0x08000000   0x00000130   Data   RO          360    RESET               startup_stm32f10x_hd.o
    0x08000130   0x00000008   Code   RO         3566  * !!!main             c_w.l(__main.o)
    0x08000138   0x00000034   Code   RO         3753    !!!scatter          c_w.l(__scatter.o)
    0x0800016c   0x0000005a   Code   RO         3751    !!dczerorl2         c_w.l(__dczerorl2.o)
    0x080001c6   0x00000002   PAD
    0x080001c8   0x0000001c   Code   RO         3755    !!handler_zi        c_w.l(__scatter_zi.o)
    0x080001e4   0x00000002   Code   RO         3626    .ARM.Collect$$libinit$$00000000  c_w.l(libinit.o)
    0x080001e6   0x00000000   Code   RO         3633    .ARM.Collect$$libinit$$00000002  c_w.l(libinit2.o)
    0x080001e6   0x00000000   Code   RO         3635    .ARM.Collect$$libinit$$00000004  c_w.l(libinit2.o)
    0x080001e6   0x00000000   Code   RO         3638    .ARM.Collect$$libinit$$0000000A  c_w.l(libinit2.o)
    0x080001e6   0x00000000   Code   RO         3640    .ARM.Collect$$libinit$$0000000C  c_w.l(libinit2.o)
    0x080001e6   0x00000000   Code   RO         3642    .ARM.Collect$$libinit$$0000000E  c_w.l(libinit2.o)
    0x080001e6   0x00000000   Code   RO         3645    .ARM.Collect$$libinit$$00000011  c_w.l(libinit2.o)
    0x080001e6   0x00000000   Code   RO         3647    .ARM.Collect$$libinit$$00000013  c_w.l(libinit2.o)
    0x080001e6   0x00000000   Code   RO         3649    .ARM.Collect$$libinit$$00000015  c_w.l(libinit2.o)
    0x080001e6   0x00000000   Code   RO         3651    .ARM.Collect$$libinit$$00000017  c_w.l(libinit2.o)
    0x080001e6   0x00000000   Code   RO         3653    .ARM.Collect$$libinit$$00000019  c_w.l(libinit2.o)
    0x080001e6   0x00000000   Code   RO         3655    .ARM.Collect$$libinit$$0000001B  c_w.l(libinit2.o)
    0x080001e6   0x00000000   Code   RO         3657    .ARM.Collect$$libinit$$0000001D  c_w.l(libinit2.o)
    0x080001e6   0x00000000   Code   RO         3659    .ARM.Collect$$libinit$$0000001F  c_w.l(libinit2.o)
    0x080001e6   0x00000000   Code   RO         3661    .ARM.Collect$$libinit$$00000021  c_w.l(libinit2.o)
    0x080001e6   0x00000000   Code   RO         3663    .ARM.Collect$$libinit$$00000023  c_w.l(libinit2.o)
    0x080001e6   0x00000000   Code   RO         3665    .ARM.Collect$$libinit$$00000025  c_w.l(libinit2.o)
    0x080001e6   0x00000000   Code   RO         3669    .ARM.Collect$$libinit$$0000002C  c_w.l(libinit2.o)
    0x080001e6   0x00000000   Code   RO         3671    .ARM.Collect$$libinit$$0000002E  c_w.l(libinit2.o)
    0x080001e6   0x00000000   Code   RO         3673    .ARM.Collect$$libinit$$00000030  c_w.l(libinit2.o)
    0x080001e6   0x00000000   Code   RO         3675    .ARM.Collect$$libinit$$00000032  c_w.l(libinit2.o)
    0x080001e6   0x00000002   Code   RO         3676    .ARM.Collect$$libinit$$00000033  c_w.l(libinit2.o)
    0x080001e8   0x00000002   Code   RO         3694    .ARM.Collect$$libshutdown$$00000000  c_w.l(libshutdown.o)
    0x080001ea   0x00000000   Code   RO         3705    .ARM.Collect$$libshutdown$$00000003  c_w.l(libshutdown2.o)
    0x080001ea   0x00000000   Code   RO         3708    .ARM.Collect$$libshutdown$$00000006  c_w.l(libshutdown2.o)
    0x080001ea   0x00000000   Code   RO         3711    .ARM.Collect$$libshutdown$$00000009  c_w.l(libshutdown2.o)
    0x080001ea   0x00000000   Code   RO         3713    .ARM.Collect$$libshutdown$$0000000B  c_w.l(libshutdown2.o)
    0x080001ea   0x00000000   Code   RO         3716    .ARM.Collect$$libshutdown$$0000000E  c_w.l(libshutdown2.o)
    0x080001ea   0x00000002   Code   RO         3717    .ARM.Collect$$libshutdown$$0000000F  c_w.l(libshutdown2.o)
    0x080001ec   0x00000000   Code   RO         3586    .ARM.Collect$$rtentry$$00000000  c_w.l(__rtentry.o)
    0x080001ec   0x00000000   Code   RO         3595    .ARM.Collect$$rtentry$$00000002  c_w.l(__rtentry2.o)
    0x080001ec   0x00000006   Code   RO         3607    .ARM.Collect$$rtentry$$00000004  c_w.l(__rtentry4.o)
    0x080001f2   0x00000000   Code   RO         3597    .ARM.Collect$$rtentry$$00000009  c_w.l(__rtentry2.o)
    0x080001f2   0x00000004   Code   RO         3598    .ARM.Collect$$rtentry$$0000000A  c_w.l(__rtentry2.o)
    0x080001f6   0x00000000   Code   RO         3600    .ARM.Collect$$rtentry$$0000000C  c_w.l(__rtentry2.o)
    0x080001f6   0x00000008   Code   RO         3601    .ARM.Collect$$rtentry$$0000000D  c_w.l(__rtentry2.o)
    0x080001fe   0x00000002   Code   RO         3630    .ARM.Collect$$rtexit$$00000000  c_w.l(rtexit.o)
    0x08000200   0x00000000   Code   RO         3678    .ARM.Collect$$rtexit$$00000002  c_w.l(rtexit2.o)
    0x08000200   0x00000004   Code   RO         3679    .ARM.Collect$$rtexit$$00000003  c_w.l(rtexit2.o)
    0x08000204   0x00000006   Code   RO         3680    .ARM.Collect$$rtexit$$00000004  c_w.l(rtexit2.o)
    0x0800020a   0x00000002   PAD
    0x0800020c   0x00000040   Code   RO          361  * .text               startup_stm32f10x_hd.o
    0x0800024c   0x00000002   Code   RO         3558    .text               c_w.l(use_no_semi_2.o)
    0x0800024e   0x00000002   PAD
    0x08000250   0x00000018   Code   RO         3562    .text               c_w.l(noretval__2printf.o)
    0x08000268   0x00000006   Code   RO         3564    .text               c_w.l(heapauxi.o)
    0x0800026e   0x00000002   Code   RO         3584    .text               c_w.l(use_no_semi.o)
    0x08000270   0x00000024   Code   RO         3587    .text               c_w.l(_printf_char_file.o)
    0x08000294   0x00000030   Code   RO         3609    .text               c_w.l(_printf_char_common.o)
    0x080002c4   0x00000008   Code   RO         3611    .text               c_w.l(ferror.o)
    0x080002cc   0x0000004a   Code   RO         3615    .text               c_w.l(sys_stackheap_outer.o)
    0x08000316   0x00000028   Code   RO         3617    .text               c_w.l(__printf_nopercent.o)
    0x0800033e   0x0000000c   Code   RO         3619    .text               c_w.l(exit.o)
    0x0800034a   0x00000002   PAD
    0x0800034c   0x00000008   Code   RO         3627    .text               c_w.l(libspace.o)
    0x08000354   0x00000004   Code   RO          125    i.BusFault_Handler  stm32f10x_it.o
    0x08000358   0x0000001c   Code   RO         3332    i.CAR_Speed         io.o
    0x08000374   0x00000058   Code   RO         3333    i.CAR_Tracing       io.o
    0x080003cc   0x00000002   Code   RO          126    i.DebugMon_Handler  stm32f10x_it.o
    0x080003ce   0x00000002   PAD
    0x080003d0   0x0000007c   Code   RO         3334    i.Encoder_Init_TIM3  io.o
    0x0800044c   0x000000b0   Code   RO         3335    i.GPIO_Drive_Init   io.o
    0x080004fc   0x00000050   Code   RO         3336    i.GPIO_IFTracing_Init  io.o
    0x0800054c   0x00000116   Code   RO         1516    i.GPIO_Init         stm32f10x_gpio.o
    0x08000662   0x00000004   Code   RO         1523    i.GPIO_ResetBits    stm32f10x_gpio.o
    0x08000666   0x00000004   Code   RO         1524    i.GPIO_SetBits      stm32f10x_gpio.o
    0x0800066a   0x00000004   Code   RO          127    i.HardFault_Handler  stm32f10x_it.o
    0x0800066e   0x0000002a   Code   RO         1627    i.I2C_CheckEvent    stm32f10x_i2c.o
    0x08000698   0x00000018   Code   RO         1630    i.I2C_Cmd           stm32f10x_i2c.o
    0x080006b0   0x0000007c   Code   RO         3467    i.I2C_Configuration  oled_i2c.o
    0x0800072c   0x00000038   Code   RO         1633    i.I2C_DeInit        stm32f10x_i2c.o
    0x08000764   0x00000018   Code   RO         1637    i.I2C_GenerateSTART  stm32f10x_i2c.o
    0x0800077c   0x00000018   Code   RO         1638    i.I2C_GenerateSTOP  stm32f10x_i2c.o
    0x08000794   0x0000003a   Code   RO         1639    i.I2C_GetFlagStatus  stm32f10x_i2c.o
    0x080007ce   0x00000002   PAD
    0x080007d0   0x000000ec   Code   RO         1644    i.I2C_Init          stm32f10x_i2c.o
    0x080008bc   0x00000012   Code   RO         1651    i.I2C_Send7bitAddress  stm32f10x_i2c.o
    0x080008ce   0x00000004   Code   RO         1652    i.I2C_SendData      stm32f10x_i2c.o
    0x080008d2   0x00000002   PAD
    0x080008d4   0x0000008c   Code   RO         3468    i.I2C_WriteByte     oled_i2c.o
    0x08000960   0x00000004   Code   RO          128    i.MemManage_Handler  stm32f10x_it.o
    0x08000964   0x00000002   Code   RO          129    i.NMI_Handler       stm32f10x_it.o
    0x08000966   0x00000002   PAD
    0x08000968   0x00000070   Code   RO          365    i.NVIC_Init         misc.o
    0x080009d8   0x00000014   Code   RO          366    i.NVIC_PriorityGroupConfig  misc.o
    0x080009ec   0x0000000a   Code   RO         3469    i.OLED_CLS          oled_i2c.o
    0x080009f6   0x00000074   Code   RO         3470    i.OLED_DrawBMP      oled_i2c.o
    0x08000a6a   0x0000003a   Code   RO         3471    i.OLED_Fill         oled_i2c.o
    0x08000aa4   0x000000b2   Code   RO         3472    i.OLED_Init         oled_i2c.o
    0x08000b56   0x00000028   Code   RO         3475    i.OLED_SetPos       oled_i2c.o
    0x08000b7e   0x00000002   Code   RO          130    i.PendSV_Handler    stm32f10x_it.o
    0x08000b80   0x00000020   Code   RO         1932    i.RCC_APB1PeriphClockCmd  stm32f10x_rcc.o
    0x08000ba0   0x00000020   Code   RO         1933    i.RCC_APB1PeriphResetCmd  stm32f10x_rcc.o
    0x08000bc0   0x00000020   Code   RO         1934    i.RCC_APB2PeriphClockCmd  stm32f10x_rcc.o
    0x08000be0   0x000000d4   Code   RO         1942    i.RCC_GetClocksFreq  stm32f10x_rcc.o
    0x08000cb4   0x00000064   Code   RO         3338    i.Read_distance     io.o
    0x08000d18   0x00000034   Code   RO         3339    i.SR04_GPIO_Init    io.o
    0x08000d4c   0x00000028   Code   RO         3340    i.SR04_start        io.o
    0x08000d74   0x00000002   Code   RO          131    i.SVC_Handler       stm32f10x_it.o
    0x08000d76   0x00000008   Code   RO          214    i.SetSysClock       system_stm32f10x.o
    0x08000d7e   0x00000002   PAD
    0x08000d80   0x000000e0   Code   RO          215    i.SetSysClockTo72   system_stm32f10x.o
    0x08000e60   0x00000028   Code   RO          369    i.SysTick_CLKSourceConfig  misc.o
    0x08000e88   0x00000002   Code   RO          132    i.SysTick_Handler   stm32f10x_it.o
    0x08000e8a   0x00000002   PAD
    0x08000e8c   0x00000060   Code   RO          217    i.SystemInit        system_stm32f10x.o
    0x08000eec   0x00000080   Code   RO         2550    i.TI1_Config        stm32f10x_tim.o
    0x08000f6c   0x00000098   Code   RO         2551    i.TI2_Config        stm32f10x_tim.o
    0x08001004   0x00000090   Code   RO         2552    i.TI3_Config        stm32f10x_tim.o
    0x08001094   0x00000098   Code   RO         2553    i.TI4_Config        stm32f10x_tim.o
    0x0800112c   0x000000a0   Code   RO         3341    i.TIM1_STEngine_init  io.o
    0x080011cc   0x000000a8   Code   RO         3342    i.TIM2_Cap_init     io.o
    0x08001274   0x000000c0   Code   RO         3343    i.TIM2_IRQHandler   io.o
    0x08001334   0x000000ac   Code   RO         3344    i.TIM4_PWM_Init     io.o
    0x080013e0   0x00000018   Code   RO         2554    i.TIM_ARRPreloadConfig  stm32f10x_tim.o
    0x080013f8   0x00000006   Code   RO         2561    i.TIM_ClearITPendingBit  stm32f10x_tim.o
    0x080013fe   0x00000018   Code   RO         2566    i.TIM_Cmd           stm32f10x_tim.o
    0x08001416   0x0000001e   Code   RO         2568    i.TIM_CtrlPWMOutputs  stm32f10x_tim.o
    0x08001434   0x00000042   Code   RO         2575    i.TIM_EncoderInterfaceConfig  stm32f10x_tim.o
    0x08001476   0x00000006   Code   RO         2582    i.TIM_GetCapture2   stm32f10x_tim.o
    0x0800147c   0x00000022   Code   RO         2587    i.TIM_GetITStatus   stm32f10x_tim.o
    0x0800149e   0x00000002   PAD
    0x080014a0   0x000000ac   Code   RO         2589    i.TIM_ICInit        stm32f10x_tim.o
    0x0800154c   0x00000012   Code   RO         2590    i.TIM_ICStructInit  stm32f10x_tim.o
    0x0800155e   0x00000012   Code   RO         2591    i.TIM_ITConfig      stm32f10x_tim.o
    0x08001570   0x00000098   Code   RO         2595    i.TIM_OC1Init       stm32f10x_tim.o
    0x08001608   0x00000012   Code   RO         2598    i.TIM_OC1PreloadConfig  stm32f10x_tim.o
    0x0800161a   0x00000002   PAD
    0x0800161c   0x000000a4   Code   RO         2600    i.TIM_OC2Init       stm32f10x_tim.o
    0x080016c0   0x0000001a   Code   RO         2602    i.TIM_OC2PolarityConfig  stm32f10x_tim.o
    0x080016da   0x0000001a   Code   RO         2603    i.TIM_OC2PreloadConfig  stm32f10x_tim.o
    0x080016f4   0x00000004   Code   RO         2627    i.TIM_SetCompare1   stm32f10x_tim.o
    0x080016f8   0x00000004   Code   RO         2628    i.TIM_SetCompare2   stm32f10x_tim.o
    0x080016fc   0x00000004   Code   RO         2631    i.TIM_SetCounter    stm32f10x_tim.o
    0x08001700   0x00000012   Code   RO         2632    i.TIM_SetIC1Prescaler  stm32f10x_tim.o
    0x08001712   0x0000001a   Code   RO         2633    i.TIM_SetIC2Prescaler  stm32f10x_tim.o
    0x0800172c   0x00000012   Code   RO         2634    i.TIM_SetIC3Prescaler  stm32f10x_tim.o
    0x0800173e   0x0000001a   Code   RO         2635    i.TIM_SetIC4Prescaler  stm32f10x_tim.o
    0x08001758   0x000000a4   Code   RO         2637    i.TIM_TimeBaseInit  stm32f10x_tim.o
    0x080017fc   0x00000394   Code   RO          303    i.USART1_IRQHandler  usart.o
    0x08001b90   0x00000018   Code   RO         3102    i.USART_Cmd         stm32f10x_usart.o
    0x08001ba8   0x00000054   Code   RO         3106    i.USART_GetITStatus  stm32f10x_usart.o
    0x08001bfc   0x0000004a   Code   RO         3108    i.USART_ITConfig    stm32f10x_usart.o
    0x08001c46   0x00000002   PAD
    0x08001c48   0x000000d8   Code   RO         3109    i.USART_Init        stm32f10x_usart.o
    0x08001d20   0x0000000a   Code   RO         3116    i.USART_ReceiveData  stm32f10x_usart.o
    0x08001d2a   0x00000004   Code   RO          133    i.UsageFault_Handler  stm32f10x_it.o
    0x08001d2e   0x0000000e   Code   RO         3478    i.WriteCmd          oled_i2c.o
    0x08001d3c   0x0000000e   Code   RO         3479    i.WriteDat          oled_i2c.o
    0x08001d4a   0x00000004   Code   RO          304    i._sys_exit         usart.o
    0x08001d4e   0x00000002   PAD
    0x08001d50   0x00000108   Code   RO         3345    i.astronaut         io.o
    0x08001e58   0x0000002c   Code   RO         3346    i.car_back          io.o
    0x08001e84   0x0000002c   Code   RO         3347    i.car_go            io.o
    0x08001eb0   0x0000003c   Code   RO         3348    i.car_left          io.o
    0x08001eec   0x0000003c   Code   RO         3349    i.car_right         io.o
    0x08001f28   0x00000028   Code   RO         3350    i.car_stop          io.o
    0x08001f50   0x00000044   Code   RO          248    i.delay_init        delay.o
    0x08001f94   0x0000004c   Code   RO          249    i.delay_ms          delay.o
    0x08001fe0   0x0000004c   Code   RO          250    i.delay_us          delay.o
    0x0800202c   0x0000001c   Code   RO          305    i.fputc             usart.o
    0x08002048   0x000003ac   Code   RO         3351    i.kunkunstart       io.o
    0x080023f4   0x00000074   Code   RO            1    i.main              main.o
    0x08002468   0x000000c0   Code   RO          306    i.uart_init         usart.o
    0x08002528   0x000002b0   Code   RO         3569    x$fpl$ddiv          fz_ws.l(ddiv.o)
    0x080027d8   0x0000005e   Code   RO         3572    x$fpl$dfix          fz_ws.l(dfix.o)
    0x08002836   0x0000002e   Code   RO         3577    x$fpl$dflt          fz_ws.l(dflt_clz.o)
    0x08002864   0x00000154   Code   RO         3582    x$fpl$dmul          fz_ws.l(dmul.o)
    0x080029b8   0x0000009c   Code   RO         3589    x$fpl$dnaninf       fz_ws.l(dnaninf.o)
    0x08002a54   0x0000000c   Code   RO         3591    x$fpl$dretinf       fz_ws.l(dretinf.o)
    0x08002a60   0x00000000   Code   RO         3593    x$fpl$usenofp       fz_ws.l(usenofp.o)
    0x08002a60   0x00004c00   Data   RO         3353    .constdata          io.o
    0x08007660   0x00000020   Data   RO         3749    Region$$Table       anon$$obj.o


    Execution Region ER_RW (Base: 0x20000000, Size: 0x00001440, Max: 0xffffffff, ABSOLUTE, COMPRESSED[0x000006c4])

    Base Addr    Size         Type   Attr      Idx    E Section Name        Object

    0x20000000   0x00000014   Data   RW          218    .data               system_stm32f10x.o
    0x20000014   0x00000004   Data   RW          251    .data               delay.o
    0x20000018   0x00000010   Data   RW          308    .data               usart.o
    0x20000028   0x00000014   Data   RW         1962    .data               stm32f10x_rcc.o
    0x2000003c   0x00001404   Data   RW         3354    .data               io.o


    Execution Region ER_ZI (Base: 0x20001440, Size: 0x00000670, Max: 0xffffffff, ABSOLUTE)

    Base Addr    Size         Type   Attr      Idx    E Section Name        Object

    0x20001440   0x0000000a   Zero   RW         3352    .bss                io.o
    0x2000144a   0x00000002   PAD
    0x2000144c   0x00000060   Zero   RW         3628    .bss                c_w.l(libspace.o)
    0x200014ac   0x00000004   PAD
    0x200014b0   0x00000200   Zero   RW          359    HEAP                startup_stm32f10x_hd.o
    0x200016b0   0x00000400   Zero   RW          358    STACK               startup_stm32f10x_hd.o


==============================================================================

Image component sizes


      Code (inc. data)   RO Data    RW Data    ZI Data      Debug   Object Name

       220         26          0          4          0       1599   delay.o
      2832        422      19456       5124         10      12889   io.o
       116          6          0          0          0     261035   main.o
       172         22          0          0          0       1953   misc.o
       694         26          0          0          0       4938   oled_i2c.o
        64         26        304          0       1536        776   startup_stm32f10x_hd.o
       286          0          0          0          0       2924   stm32f10x_gpio.o
       486         20          0          0          0       6847   stm32f10x_i2c.o
        26          0          0          0          0       3478   stm32f10x_it.o
       308         38          0         20          0       4855   stm32f10x_rcc.o
      1624        180          0          0          0      16428   stm32f10x_tim.o
       408          6          0          0          0       4802   stm32f10x_usart.o
         0          0          0          0          0         32   sys.o
       328         28          0         20          0       1957   system_stm32f10x.o
      1140         90          0         16          0       5136   usart.o

    ----------------------------------------------------------------------
      8724        890      19792       5184       1548     329649   Object Totals
         0          0         32          0          0          0   (incl. Generated)
        20          0          0          0          2          0   (incl. Padding)

    ----------------------------------------------------------------------

      Code (inc. data)   RO Data    RW Data    ZI Data      Debug   Library Member Name

        90          0          0          0          0          0   __dczerorl2.o
         8          0          0          0          0         68   __main.o
        40          0          0          0          0         84   __printf_nopercent.o
         0          0          0          0          0          0   __rtentry.o
        12          0          0          0          0          0   __rtentry2.o
         6          0          0          0          0          0   __rtentry4.o
        52          8          0          0          0          0   __scatter.o
        28          0          0          0          0          0   __scatter_zi.o
        48          6          0          0          0         96   _printf_char_common.o
        36          4          0          0          0         80   _printf_char_file.o
        12          0          0          0          0         72   exit.o
         8          0          0          0          0         68   ferror.o
         6          0          0          0          0        152   heapauxi.o
         2          0          0          0          0          0   libinit.o
         2          0          0          0          0          0   libinit2.o
         2          0          0          0          0          0   libshutdown.o
         2          0          0          0          0          0   libshutdown2.o
         8          4          0          0         96         68   libspace.o
        24          4          0          0          0         84   noretval__2printf.o
         2          0          0          0          0          0   rtexit.o
        10          0          0          0          0          0   rtexit2.o
        74          0          0          0          0         80   sys_stackheap_outer.o
         2          0          0          0          0         68   use_no_semi.o
         2          0          0          0          0         68   use_no_semi_2.o
       688        140          0          0          0        208   ddiv.o
        94          4          0          0          0         92   dfix.o
        46          0          0          0          0         68   dflt_clz.o
       340         12          0          0          0        104   dmul.o
       156          4          0          0          0         92   dnaninf.o
        12          0          0          0          0         68   dretinf.o
         0          0          0          0          0          0   usenofp.o

    ----------------------------------------------------------------------
      1820        186          0          0        100       1620   Library Totals
         8          0          0          0          4          0   (incl. Padding)

    ----------------------------------------------------------------------

      Code (inc. data)   RO Data    RW Data    ZI Data      Debug   Library Name

       476         26          0          0         96        988   c_w.l
      1336        160          0          0          0        632   fz_ws.l

    ----------------------------------------------------------------------
      1820        186          0          0        100       1620   Library Totals

    ----------------------------------------------------------------------

==============================================================================


      Code (inc. data)   RO Data    RW Data    ZI Data      Debug   

     10544       1076      19792       5184       1648     325649   Grand Totals
     10544       1076      19792       1732       1648     325649   ELF Image Totals (compressed)
     10544       1076      19792       1732          0          0   ROM Totals

==============================================================================

    Total RO  Size (Code + RO Data)                30336 (  29.63kB)
    Total RW  Size (RW Data + ZI Data)              6832 (   6.67kB)
    Total ROM Size (Code + RO Data + RW Data)      32068 (  31.32kB)

==============================================================================

